{"level":"error","statusCode":404,"timestamp":"2025-01-27 07:15:57"}
{"level":"error","statusCode":404,"timestamp":"2025-01-27 07:15:57"}
{"level":"error","statusCode":404,"timestamp":"2025-01-27 07:15:57"}
{"level":"error","statusCode":404,"timestamp":"2025-01-27 07:15:57"}
{"level":"error","statusCode":404,"timestamp":"2025-01-27 07:15:58"}
{"level":"error","statusCode":404,"timestamp":"2025-01-27 07:15:58"}
{"level":"error","statusCode":404,"timestamp":"2025-01-27 07:17:01"}
{"level":"error","statusCode":404,"timestamp":"2025-01-27 07:17:01"}
{"level":"error","statusCode":404,"timestamp":"2025-01-27 07:17:01"}
{"level":"error","statusCode":404,"timestamp":"2025-01-27 07:17:01"}
{"level":"error","statusCode":404,"timestamp":"2025-01-27 07:17:02"}
{"level":"error","statusCode":404,"timestamp":"2025-01-27 07:17:02"}
{"level":"error","statusCode":404,"timestamp":"2025-01-27 07:17:02"}
{"level":"error","statusCode":404,"timestamp":"2025-01-27 07:17:02"}
{"level":"error","statusCode":500,"timestamp":"2025-01-27 07:17:19"}
{"level":"error","timestamp":"2025-01-27 07:43:44"}
{"level":"error","timestamp":"2025-01-27 07:43:52"}
{"level":"error","statusCode":404,"timestamp":"2025-01-27 08:15:24"}
{"level":"error","statusCode":404,"timestamp":"2025-01-27 08:15:24"}
{"level":"error","statusCode":404,"timestamp":"2025-01-27 08:15:24"}
{"level":"error","statusCode":404,"timestamp":"2025-01-27 08:15:24"}
{"level":"error","statusCode":404,"timestamp":"2025-01-27 08:15:25"}
{"level":"error","statusCode":404,"timestamp":"2025-01-27 08:15:25"}
{"level":"error","timestamp":"2025-01-27 08:25:37"}
{"level":"error","statusCode":404,"timestamp":"2025-01-27 08:39:08"}
{"level":"error","statusCode":404,"timestamp":"2025-01-27 08:39:08"}
{"level":"error","statusCode":404,"timestamp":"2025-01-27 08:39:08"}
{"level":"error","statusCode":404,"timestamp":"2025-01-27 08:39:08"}
{"level":"error","statusCode":404,"timestamp":"2025-01-27 08:39:09"}
{"level":"error","statusCode":404,"timestamp":"2025-01-27 08:39:09"}
{"level":"error","statusCode":404,"timestamp":"2025-01-27 08:39:09"}
{"level":"error","statusCode":404,"timestamp":"2025-01-27 08:39:09"}
{"level":"error","statusCode":404,"timestamp":"2025-01-27 08:41:54"}
{"level":"error","statusCode":404,"timestamp":"2025-01-27 08:41:54"}
{"level":"error","statusCode":404,"timestamp":"2025-01-27 08:43:39"}
{"level":"error","statusCode":404,"timestamp":"2025-01-27 08:43:39"}
{"level":"error","statusCode":404,"timestamp":"2025-01-27 08:43:50"}
{"level":"error","statusCode":404,"timestamp":"2025-01-27 08:43:50"}
{"level":"error","statusCode":404,"timestamp":"2025-01-27 08:44:22"}
{"level":"error","statusCode":404,"timestamp":"2025-01-27 08:44:22"}
{"level":"error","statusCode":404,"timestamp":"2025-01-27 08:44:29"}
{"level":"error","statusCode":404,"timestamp":"2025-01-27 08:44:29"}
{"level":"error","statusCode":404,"timestamp":"2025-01-27 08:44:39"}
{"level":"error","statusCode":404,"timestamp":"2025-01-27 08:44:39"}
{"level":"error","statusCode":404,"timestamp":"2025-01-27 08:45:49"}
{"level":"error","statusCode":404,"timestamp":"2025-01-27 08:46:06"}
{"level":"error","statusCode":404,"timestamp":"2025-01-27 08:46:06"}
{"level":"error","statusCode":404,"timestamp":"2025-01-27 08:46:09"}
{"level":"error","statusCode":404,"timestamp":"2025-01-27 08:46:09"}
{"level":"error","statusCode":404,"timestamp":"2025-01-27 08:46:42"}
{"level":"error","statusCode":404,"timestamp":"2025-01-27 08:46:42"}
{"level":"error","statusCode":404,"timestamp":"2025-01-27 08:47:05"}
{"level":"error","statusCode":404,"timestamp":"2025-01-27 08:47:05"}
{"level":"error","statusCode":404,"timestamp":"2025-01-27 08:47:12"}
{"level":"error","statusCode":404,"timestamp":"2025-01-27 08:47:12"}
{"level":"error","statusCode":404,"timestamp":"2025-01-27 08:47:52"}
{"level":"error","statusCode":404,"timestamp":"2025-01-27 08:47:52"}
{"level":"error","statusCode":404,"timestamp":"2025-01-27 08:48:07"}
{"level":"error","statusCode":404,"timestamp":"2025-01-27 08:48:07"}
{"level":"error","statusCode":404,"timestamp":"2025-01-27 08:49:03"}
{"level":"error","statusCode":404,"timestamp":"2025-01-27 08:49:03"}
{"level":"error","statusCode":404,"timestamp":"2025-01-27 08:49:03"}
{"level":"error","statusCode":404,"timestamp":"2025-01-27 08:49:03"}
{"level":"error","statusCode":404,"timestamp":"2025-01-27 08:57:42"}
{"level":"error","statusCode":404,"timestamp":"2025-01-27 08:57:42"}
{"level":"error","statusCode":404,"timestamp":"2025-01-27 08:57:42"}
{"level":"error","statusCode":404,"timestamp":"2025-01-27 08:57:42"}
{"level":"error","statusCode":404,"timestamp":"2025-01-27 08:57:44"}
{"level":"error","statusCode":404,"timestamp":"2025-01-27 08:57:44"}
{"level":"error","statusCode":404,"timestamp":"2025-01-27 08:57:44"}
{"level":"error","statusCode":404,"timestamp":"2025-01-27 08:57:44"}
{"level":"error","statusCode":404,"timestamp":"2025-01-27 08:58:45"}
{"level":"error","statusCode":404,"timestamp":"2025-01-27 08:58:45"}
{"level":"error","statusCode":404,"timestamp":"2025-01-27 08:58:45"}
{"level":"error","statusCode":404,"timestamp":"2025-01-27 08:58:45"}
{"level":"error","statusCode":404,"timestamp":"2025-01-27 08:58:47"}
{"level":"error","statusCode":404,"timestamp":"2025-01-27 08:58:47"}
{"level":"error","statusCode":404,"timestamp":"2025-01-27 08:58:47"}
{"level":"error","statusCode":404,"timestamp":"2025-01-27 08:58:47"}
{"level":"error","timestamp":"2025-01-27 08:59:29"}
{"clientVersion":"5.20.0","level":"error","name":"PrismaClientValidationError","timestamp":"2025-01-27 09:23:01"}
{"clientVersion":"5.20.0","level":"error","name":"PrismaClientValidationError","timestamp":"2025-01-27 09:24:54"}
{"clientVersion":"5.20.0","level":"error","name":"PrismaClientValidationError","timestamp":"2025-01-27 09:25:05"}
{"clientVersion":"5.20.0","level":"error","name":"PrismaClientValidationError","timestamp":"2025-01-27 09:25:07"}
{"level":"error","statusCode":404,"timestamp":"2025-01-27 09:29:33"}
{"level":"error","statusCode":404,"timestamp":"2025-01-27 09:29:33"}
{"level":"error","statusCode":404,"timestamp":"2025-01-27 09:29:33"}
{"level":"error","statusCode":404,"timestamp":"2025-01-27 09:29:33"}
{"level":"error","statusCode":404,"timestamp":"2025-01-27 09:29:36"}
{"level":"error","statusCode":404,"timestamp":"2025-01-27 09:29:36"}
{"level":"error","statusCode":404,"timestamp":"2025-01-27 21:14:02"}
{"clientVersion":"5.20.0","level":"error","name":"PrismaClientValidationError","timestamp":"2025-01-27 21:19:52"}
{"code":"ECONNREFUSED","level":"\u001b[31merror\u001b[39m","message":"Error starting ngrok tunnels: connect ECONNREFUSED 127.0.0.1:4040","name":"RequestError","stack":"RequestError: connect ECONNREFUSED 127.0.0.1:4040\n    at ClientRequest.<anonymous> (/home/whynotparit/Desktop/work/chessinchunks/backend/node_modules/got/dist/source/core/index.js:970:111)\n    at Object.onceWrapper (node:events:633:26)\n    at ClientRequest.emit (node:events:530:35)\n    at origin.emit (/home/whynotparit/Desktop/work/chessinchunks/backend/node_modules/@szmarczak/http-timer/dist/source/index.js:43:20)\n    at emitErrorEvent (node:_http_client:101:11)\n    at Socket.socketErrorListener (node:_http_client:504:5)\n    at Socket.emit (node:events:518:28)\n    at emitErrorNT (node:internal/streams/destroy:169:8)\n    at emitErrorCloseNT (node:internal/streams/destroy:128:3)\n    at process.processTicksAndRejections (node:internal/process/task_queues:82:21)\n    at TCPConnectWrap.afterConnect [as oncomplete] (node:net:1611:16)","timestamp":"2025-01-27 23:28:04","timings":{"error":1738000684017,"phases":{"total":3,"wait":1},"socket":1738000684015,"start":1738000684014}}
{"level":"error","statusCode":404,"timestamp":"2025-01-27 23:28:11"}
{"level":"error","statusCode":404,"timestamp":"2025-01-27 23:28:11"}
{"level":"error","statusCode":404,"timestamp":"2025-01-27 23:28:11"}
{"level":"error","statusCode":404,"timestamp":"2025-01-27 23:28:11"}
{"level":"error","statusCode":404,"timestamp":"2025-01-27 23:28:12"}
{"level":"error","statusCode":404,"timestamp":"2025-01-27 23:28:12"}
{"level":"error","statusCode":404,"timestamp":"2025-01-27 23:28:12"}
{"level":"error","statusCode":404,"timestamp":"2025-01-27 23:28:12"}
{"level":"error","statusCode":409,"timestamp":"2025-01-27 23:28:55"}
{"level":"error","statusCode":409,"timestamp":"2025-01-27 23:35:54"}
{"level":"error","statusCode":409,"timestamp":"2025-01-27 23:36:07"}
{"level":"error","statusCode":404,"timestamp":"2025-01-27 23:42:18"}
{"level":"error","statusCode":404,"timestamp":"2025-01-27 23:42:22"}
{"level":"error","statusCode":404,"timestamp":"2025-01-27 23:42:22"}
{"level":"error","statusCode":404,"timestamp":"2025-01-27 23:42:22"}
{"level":"error","statusCode":404,"timestamp":"2025-01-27 23:42:22"}
{"clientVersion":"5.20.0","level":"error","message":"Error in cleanup cron job: \nInvalid `db.userSignup.deleteMany()` invocation in\n/home/whynotparit/Desktop/work/chessinchunks/backend/src/cron/studentSignup.cron.js:24:49\n\n  21 const thirtyDaysAgo = new Date();\n  22 thirtyDaysAgo.setDate(thirtyDaysAgo.getDate() - 30);\n  23 \n→ 24 const cleanupResult = await db.userSignup.deleteMany({\n       where: {\n         signupStatus: \"EXPIRED\",\n                       ~~~~~~~~~\n         updatedAt: {\n           lt: new Date(\"2024-12-28T18:30:00.077Z\")\n         }\n       }\n     })\n\nInvalid value for argument `signupStatus`. Expected SIGNUP_STATUS.","name":"PrismaClientValidationError","stack":"PrismaClientValidationError: \nInvalid `db.userSignup.deleteMany()` invocation in\n/home/whynotparit/Desktop/work/chessinchunks/backend/src/cron/studentSignup.cron.js:24:49\n\n  21 const thirtyDaysAgo = new Date();\n  22 thirtyDaysAgo.setDate(thirtyDaysAgo.getDate() - 30);\n  23 \n→ 24 const cleanupResult = await db.userSignup.deleteMany({\n       where: {\n         signupStatus: \"EXPIRED\",\n                       ~~~~~~~~~\n         updatedAt: {\n           lt: new Date(\"2024-12-28T18:30:00.077Z\")\n         }\n       }\n     })\n\nInvalid value for argument `signupStatus`. Expected SIGNUP_STATUS.\n    at Dn (/home/whynotparit/Desktop/work/chessinchunks/backend/node_modules/@prisma/client/runtime/library.js:114:8082)\n    at Mn.handleRequestError (/home/whynotparit/Desktop/work/chessinchunks/backend/node_modules/@prisma/client/runtime/library.js:121:7396)\n    at Mn.handleAndLogRequestError (/home/whynotparit/Desktop/work/chessinchunks/backend/node_modules/@prisma/client/runtime/library.js:121:7061)\n    at Mn.request (/home/whynotparit/Desktop/work/chessinchunks/backend/node_modules/@prisma/client/runtime/library.js:121:6745)\n    at async l (/home/whynotparit/Desktop/work/chessinchunks/backend/node_modules/@prisma/client/runtime/library.js:130:9633)\n    at async Task._execution (/home/whynotparit/Desktop/work/chessinchunks/backend/src/cron/studentSignup.cron.js:24:29)","timestamp":"2025-01-28 00:00:00"}
