{"level":"error","statusCode":404,"timestamp":"2025-01-29 05:16:38"}
{"level":"error","statusCode":404,"timestamp":"2025-01-29 05:16:38"}
{"level":"error","statusCode":404,"timestamp":"2025-01-29 05:16:38"}
{"level":"error","statusCode":404,"timestamp":"2025-01-29 05:16:38"}
{"level":"error","statusCode":404,"timestamp":"2025-01-29 05:19:33"}
{"level":"error","statusCode":404,"timestamp":"2025-01-29 05:19:33"}
{"level":"error","statusCode":404,"timestamp":"2025-01-29 05:19:33"}
{"level":"error","statusCode":404,"timestamp":"2025-01-29 05:19:33"}
{"level":"error","statusCode":404,"timestamp":"2025-01-29 05:19:34"}
{"level":"error","statusCode":404,"timestamp":"2025-01-29 05:19:34"}
{"level":"error","statusCode":404,"timestamp":"2025-01-29 05:19:34"}
{"level":"error","statusCode":404,"timestamp":"2025-01-29 05:19:34"}
{"level":"error","statusCode":404,"timestamp":"2025-01-29 05:20:00"}
{"level":"error","statusCode":404,"timestamp":"2025-01-29 05:20:00"}
{"level":"error","statusCode":404,"timestamp":"2025-01-29 05:20:00"}
{"level":"error","statusCode":404,"timestamp":"2025-01-29 05:20:00"}
{"level":"error","statusCode":404,"timestamp":"2025-01-29 05:20:02"}
{"level":"error","statusCode":404,"timestamp":"2025-01-29 05:20:02"}
{"level":"error","statusCode":404,"timestamp":"2025-01-29 05:20:02"}
{"level":"error","statusCode":404,"timestamp":"2025-01-29 05:20:02"}
{"level":"error","statusCode":500,"timestamp":"2025-01-29 05:20:19"}
{"level":"error","statusCode":404,"timestamp":"2025-01-29 05:31:00"}
{"level":"error","statusCode":404,"timestamp":"2025-01-29 05:31:00"}
{"level":"error","statusCode":404,"timestamp":"2025-01-29 05:41:38"}
{"level":"error","statusCode":404,"timestamp":"2025-01-29 05:41:38"}
{"level":"error","statusCode":404,"timestamp":"2025-01-29 05:41:38"}
{"level":"error","statusCode":404,"timestamp":"2025-01-29 05:41:38"}
{"level":"error","statusCode":404,"timestamp":"2025-01-29 05:41:40"}
{"level":"error","statusCode":404,"timestamp":"2025-01-29 05:41:40"}
{"level":"error","statusCode":404,"timestamp":"2025-01-29 05:41:40"}
{"level":"error","statusCode":404,"timestamp":"2025-01-29 05:41:40"}
{"level":"error","statusCode":404,"timestamp":"2025-01-29 05:41:43"}
{"level":"error","statusCode":404,"timestamp":"2025-01-29 05:41:43"}
{"level":"error","statusCode":404,"timestamp":"2025-01-29 05:41:43"}
{"level":"error","statusCode":404,"timestamp":"2025-01-29 05:41:43"}
{"level":"error","statusCode":404,"timestamp":"2025-01-29 05:41:46"}
{"level":"error","statusCode":404,"timestamp":"2025-01-29 05:41:46"}
{"level":"error","statusCode":404,"timestamp":"2025-01-29 05:41:46"}
{"level":"error","statusCode":404,"timestamp":"2025-01-29 05:41:46"}
{"level":"error","statusCode":409,"timestamp":"2025-01-29 05:42:14"}
{"level":"error","statusCode":409,"timestamp":"2025-01-29 05:43:22"}
{"level":"error","statusCode":400,"timestamp":"2025-01-29 05:43:38"}
{"level":"error","message":"Admin verification failed: 400","timestamp":"2025-01-29 05:59:29"}
{"level":"error","statusCode":404,"timestamp":"2025-01-29 06:01:24"}
{"level":"error","statusCode":404,"timestamp":"2025-01-29 06:01:24"}
{"level":"error","statusCode":404,"timestamp":"2025-01-29 06:01:24"}
{"level":"error","statusCode":404,"timestamp":"2025-01-29 06:01:24"}
{"level":"error","statusCode":404,"timestamp":"2025-01-29 06:01:27"}
{"level":"error","statusCode":404,"timestamp":"2025-01-29 06:01:27"}
{"level":"error","statusCode":404,"timestamp":"2025-01-29 06:01:27"}
{"level":"error","statusCode":404,"timestamp":"2025-01-29 06:01:27"}
{"clientVersion":"5.20.0","level":"error","name":"PrismaClientValidationError","timestamp":"2025-01-29 06:01:43"}
{"clientVersion":"5.20.0","level":"error","name":"PrismaClientValidationError","timestamp":"2025-01-29 06:03:18"}
{"clientVersion":"5.20.0","level":"error","name":"PrismaClientValidationError","timestamp":"2025-01-29 06:03:32"}
{"clientVersion":"5.20.0","level":"error","name":"PrismaClientValidationError","timestamp":"2025-01-29 06:04:59"}
{"level":"error","statusCode":404,"timestamp":"2025-01-29 06:12:21"}
{"level":"error","statusCode":404,"timestamp":"2025-01-29 06:12:21"}
{"level":"error","statusCode":404,"timestamp":"2025-01-29 06:12:21"}
{"level":"error","statusCode":404,"timestamp":"2025-01-29 06:12:21"}
{"level":"error","statusCode":404,"timestamp":"2025-01-29 06:12:41"}
{"level":"error","statusCode":404,"timestamp":"2025-01-29 06:12:41"}
{"level":"error","statusCode":404,"timestamp":"2025-01-29 06:12:41"}
{"level":"error","statusCode":404,"timestamp":"2025-01-29 06:12:41"}
{"level":"error","statusCode":404,"timestamp":"2025-01-29 06:16:33"}
{"level":"error","statusCode":404,"timestamp":"2025-01-29 06:16:33"}
{"level":"error","statusCode":404,"timestamp":"2025-01-29 06:16:33"}
{"level":"error","statusCode":404,"timestamp":"2025-01-29 06:16:33"}
{"level":"error","statusCode":404,"timestamp":"2025-01-29 06:16:36"}
{"level":"error","statusCode":404,"timestamp":"2025-01-29 06:16:36"}
{"level":"error","statusCode":404,"timestamp":"2025-01-29 06:17:10"}
{"level":"error","statusCode":404,"timestamp":"2025-01-29 06:17:10"}
{"level":"error","statusCode":404,"timestamp":"2025-01-29 06:17:52"}
{"level":"error","statusCode":404,"timestamp":"2025-01-29 06:17:52"}
{"level":"error","statusCode":404,"timestamp":"2025-01-29 06:19:26"}
{"level":"error","statusCode":404,"timestamp":"2025-01-29 06:19:47"}
{"level":"error","statusCode":404,"timestamp":"2025-01-29 06:19:47"}
{"level":"error","statusCode":404,"timestamp":"2025-01-29 06:20:09"}
{"level":"error","statusCode":404,"timestamp":"2025-01-29 06:20:09"}
{"level":"error","statusCode":404,"timestamp":"2025-01-29 06:24:11"}
{"level":"error","statusCode":404,"timestamp":"2025-01-29 06:24:11"}
{"level":"error","statusCode":404,"timestamp":"2025-01-29 06:24:11"}
{"level":"error","statusCode":404,"timestamp":"2025-01-29 06:24:11"}
{"level":"error","statusCode":404,"timestamp":"2025-01-29 06:24:13"}
{"level":"error","statusCode":404,"timestamp":"2025-01-29 06:24:13"}
{"level":"error","statusCode":404,"timestamp":"2025-01-29 06:24:13"}
{"level":"error","statusCode":404,"timestamp":"2025-01-29 06:24:13"}
{"level":"error","message":"Admin verification failed: 400","timestamp":"2025-01-29 06:37:07"}
{"clientVersion":"5.20.0","level":"error","name":"PrismaClientValidationError","timestamp":"2025-01-29 07:00:37"}
{"clientVersion":"5.20.0","level":"error","name":"PrismaClientValidationError","timestamp":"2025-01-29 07:00:42"}
{"code":"ECONNREFUSED","level":"\u001b[31merror\u001b[39m","message":"Error starting ngrok tunnels: connect ECONNREFUSED 127.0.0.1:4040","name":"RequestError","stack":"RequestError: connect ECONNREFUSED 127.0.0.1:4040\n    at ClientRequest.<anonymous> (/home/whynotparit/Desktop/work/chessinchunks/backend/node_modules/got/dist/source/core/index.js:970:111)\n    at Object.onceWrapper (node:events:633:26)\n    at ClientRequest.emit (node:events:530:35)\n    at origin.emit (/home/whynotparit/Desktop/work/chessinchunks/backend/node_modules/@szmarczak/http-timer/dist/source/index.js:43:20)\n    at emitErrorEvent (node:_http_client:101:11)\n    at Socket.socketErrorListener (node:_http_client:504:5)\n    at Socket.emit (node:events:518:28)\n    at emitErrorNT (node:internal/streams/destroy:169:8)\n    at emitErrorCloseNT (node:internal/streams/destroy:128:3)\n    at process.processTicksAndRejections (node:internal/process/task_queues:82:21)\n    at TCPConnectWrap.afterConnect [as oncomplete] (node:net:1611:16)","timestamp":"2025-01-29 09:53:04","timings":{"error":1738124584213,"phases":{"total":2,"wait":1},"socket":1738124584212,"start":1738124584211}}
{"level":"error","message":"Admin verification failed: 400","timestamp":"2025-01-29 10:17:08"}
{"level":"error","statusCode":500,"timestamp":"2025-01-29 10:20:47"}
{"level":"error","timestamp":"2025-01-29 10:20:49"}
{"level":"error","statusCode":404,"timestamp":"2025-01-29 10:28:02"}
{"level":"error","statusCode":404,"timestamp":"2025-01-29 10:28:02"}
{"level":"error","statusCode":404,"timestamp":"2025-01-29 10:28:02"}
{"level":"error","statusCode":404,"timestamp":"2025-01-29 10:28:02"}
{"level":"error","statusCode":404,"timestamp":"2025-01-29 10:28:02"}
{"level":"error","statusCode":404,"timestamp":"2025-01-29 10:28:02"}
{"level":"error","statusCode":404,"timestamp":"2025-01-29 10:28:02"}
{"level":"error","statusCode":404,"timestamp":"2025-01-29 10:28:02"}
{"level":"error","message":"Admin verification failed: 400","timestamp":"2025-01-29 10:51:28"}
