{"level":"error","statusCode":404,"timestamp":"2025-01-26 08:24:54"}
{"level":"error","statusCode":404,"timestamp":"2025-01-26 08:24:54"}
{"level":"error","statusCode":404,"timestamp":"2025-01-26 08:24:54"}
{"level":"error","statusCode":404,"timestamp":"2025-01-26 08:24:54"}
{"level":"error","statusCode":404,"timestamp":"2025-01-26 08:24:56"}
{"level":"error","statusCode":404,"timestamp":"2025-01-26 08:24:56"}
{"level":"error","statusCode":404,"timestamp":"2025-01-26 08:24:56"}
{"level":"error","statusCode":404,"timestamp":"2025-01-26 08:24:56"}
{"level":"error","statusCode":404,"timestamp":"2025-01-26 08:24:58"}
{"level":"error","statusCode":404,"timestamp":"2025-01-26 08:24:58"}
{"level":"error","statusCode":404,"timestamp":"2025-01-26 08:24:58"}
{"level":"error","statusCode":404,"timestamp":"2025-01-26 08:24:58"}
{"level":"error","statusCode":404,"timestamp":"2025-01-26 08:24:59"}
{"level":"error","statusCode":404,"timestamp":"2025-01-26 08:24:59"}
{"level":"error","statusCode":404,"timestamp":"2025-01-26 08:24:59"}
{"level":"error","statusCode":404,"timestamp":"2025-01-26 08:24:59"}
{"level":"error","statusCode":404,"timestamp":"2025-01-26 08:25:25"}
{"level":"error","statusCode":404,"timestamp":"2025-01-26 08:25:25"}
{"level":"error","statusCode":404,"timestamp":"2025-01-26 08:25:25"}
{"level":"error","statusCode":404,"timestamp":"2025-01-26 08:25:25"}
{"level":"error","statusCode":401,"timestamp":"2025-01-26 09:17:26"}
{"level":"error","message":"Error creating task: \nInvalid `db.task.create()` invocation in\n/home/whynotparit/Desktop/work/chessinchunks/backend/src/modules/quiz/services/quiz.service.js:674:32\n\n  671 }\n  672 \n  673 try {\n→ 674   const task = await db.task.create({\n          data: {\n            description: \"asdad\",\n            taskId: \"TSK01\",\n            startDate: new Date(\"2025-01-25T18:30:00.000Z\"),\n            endDate: new Date(\"2025-01-26T18:30:00.000Z\"),\n            status: \"NOT_STARTED\",\n                    ~~~~~~~~~~~~~\n            createdById: \"ca908286-fc14-44e7-a6ac-02af6d4bbeb6\",\n            quizzes: {\n              connect: {\n                id: \"118a6eb2-d692-4d5b-b9dc-a258ccbb7caa\"\n              }\n            },\n            assignedToUserId: \"f06edeeb-422d-4dd8-a138-ab56c2f3271a\"\n          },\n          include: {\n            quizzes: true,\n            assignedToUser: true,\n            assignedToBatch: true,\n            assignedToAcademy: true,\n            createdBy: true\n          }\n        })\n\nInvalid value for argument `status`. Expected TASK_STATUS.","timestamp":"2025-01-26 09:20:43"}
{"level":"error","statusCode":500,"timestamp":"2025-01-26 09:20:43"}
{"level":"error","statusCode":404,"timestamp":"2025-01-26 09:24:13"}
{"level":"error","statusCode":404,"timestamp":"2025-01-26 09:24:13"}
{"level":"error","statusCode":404,"timestamp":"2025-01-26 09:24:13"}
{"level":"error","statusCode":404,"timestamp":"2025-01-26 09:24:13"}
{"level":"error","statusCode":404,"timestamp":"2025-01-26 09:24:15"}
{"level":"error","statusCode":404,"timestamp":"2025-01-26 09:24:15"}
{"level":"error","statusCode":404,"timestamp":"2025-01-26 09:24:45"}
{"level":"error","statusCode":404,"timestamp":"2025-01-26 09:24:45"}
{"level":"error","statusCode":404,"timestamp":"2025-01-26 09:24:45"}
{"level":"error","statusCode":404,"timestamp":"2025-01-26 09:24:45"}
{"level":"error","statusCode":404,"timestamp":"2025-01-26 09:24:47"}
{"level":"error","statusCode":404,"timestamp":"2025-01-26 09:24:47"}
{"level":"error","statusCode":404,"timestamp":"2025-01-26 09:24:47"}
{"level":"error","statusCode":404,"timestamp":"2025-01-26 09:24:47"}
{"level":"error","statusCode":500,"timestamp":"2025-01-26 09:25:08"}
{"level":"error","timestamp":"2025-01-26 09:27:40"}
{"level":"error","timestamp":"2025-01-26 09:33:12"}
{"level":"error","timestamp":"2025-01-26 09:48:05"}
{"level":"error","timestamp":"2025-01-26 09:48:41"}
{"level":"error","statusCode":401,"timestamp":"2025-01-26 21:08:35"}
{"level":"error","statusCode":401,"timestamp":"2025-01-26 21:08:36"}
{"clientVersion":"5.20.0","level":"error","name":"PrismaClientValidationError","timestamp":"2025-01-26 22:25:22"}
{"clientVersion":"5.20.0","level":"error","name":"PrismaClientValidationError","timestamp":"2025-01-26 22:26:33"}
{"level":"error","timestamp":"2025-01-26 22:26:55"}
{"level":"error","statusCode":400,"timestamp":"2025-01-26 22:26:58"}
{"clientVersion":"5.20.0","code":"P2002","level":"error","meta":{"modelName":"UserSignup","target":"user_signups_chessComId_key"},"name":"PrismaClientKnownRequestError","timestamp":"2025-01-26 22:28:04"}
{"clientVersion":"5.20.0","code":"P2002","level":"error","meta":{"modelName":"UserSignup","target":"user_signups_chessComId_key"},"name":"PrismaClientKnownRequestError","timestamp":"2025-01-26 22:36:45"}
{"clientVersion":"5.20.0","level":"error","name":"PrismaClientValidationError","timestamp":"2025-01-26 22:40:24"}
{"clientVersion":"5.20.0","level":"error","name":"PrismaClientValidationError","timestamp":"2025-01-26 22:41:14"}
{"clientVersion":"5.20.0","level":"error","name":"PrismaClientValidationError","timestamp":"2025-01-26 22:41:28"}
{"clientVersion":"5.20.0","level":"error","name":"PrismaClientValidationError","timestamp":"2025-01-26 22:41:44"}
{"clientVersion":"5.20.0","code":"P2002","level":"error","meta":{"modelName":"UserSignup","target":"user_signups_chessComId_key"},"name":"PrismaClientKnownRequestError","timestamp":"2025-01-26 22:42:00"}
{"clientVersion":"5.20.0","level":"error","name":"PrismaClientValidationError","timestamp":"2025-01-26 22:45:33"}
{"clientVersion":"5.20.0","code":"P2002","level":"error","meta":{"modelName":"UserSignup","target":"user_signups_chessComId_key"},"name":"PrismaClientKnownRequestError","timestamp":"2025-01-26 22:46:51"}
{"clientVersion":"5.20.0","code":"P2002","level":"error","meta":{"modelName":"UserSignup","target":"user_signups_chessComId_key"},"name":"PrismaClientKnownRequestError","timestamp":"2025-01-26 22:47:16"}
{"level":"error","timestamp":"2025-01-26 22:49:14"}
{"level":"error","statusCode":400,"timestamp":"2025-01-26 22:49:38"}
{"level":"error","timestamp":"2025-01-26 22:49:43"}
{"level":"error","timestamp":"2025-01-26 22:49:54"}
{"clientVersion":"5.20.0","level":"error","name":"PrismaClientValidationError","timestamp":"2025-01-26 23:02:20"}
{"clientVersion":"5.20.0","level":"error","name":"PrismaClientValidationError","timestamp":"2025-01-26 23:02:36"}
{"clientVersion":"5.20.0","level":"error","name":"PrismaClientValidationError","timestamp":"2025-01-26 23:03:37"}
{"clientVersion":"5.20.0","level":"error","name":"PrismaClientValidationError","timestamp":"2025-01-26 23:04:05"}
{"clientVersion":"5.20.0","level":"error","name":"PrismaClientValidationError","timestamp":"2025-01-26 23:41:34"}
{"clientVersion":"5.20.0","level":"error","name":"PrismaClientValidationError","timestamp":"2025-01-26 23:41:55"}
{"clientVersion":"5.20.0","level":"error","name":"PrismaClientValidationError","timestamp":"2025-01-26 23:42:58"}
{"clientVersion":"5.20.0","level":"error","name":"PrismaClientValidationError","timestamp":"2025-01-26 23:43:26"}
{"clientVersion":"5.20.0","level":"error","name":"PrismaClientValidationError","timestamp":"2025-01-26 23:46:41"}
{"clientVersion":"5.20.0","level":"error","name":"PrismaClientValidationError","timestamp":"2025-01-26 23:47:14"}
{"clientVersion":"5.20.0","level":"error","name":"PrismaClientValidationError","timestamp":"2025-01-26 23:49:29"}
{"clientVersion":"5.20.0","level":"error","name":"PrismaClientValidationError","timestamp":"2025-01-26 23:51:06"}
{"level":"error","statusCode":400,"timestamp":"2025-01-26 23:52:52"}
{"clientVersion":"5.20.0","level":"error","message":"Error in cleanup cron job: \nInvalid `db.userSignup.deleteMany()` invocation in\n/home/whynotparit/Desktop/work/chessinchunks/backend/src/cron/studentSignup.cron.js:24:49\n\n  21 const thirtyDaysAgo = new Date();\n  22 thirtyDaysAgo.setDate(thirtyDaysAgo.getDate() - 30);\n  23 \n→ 24 const cleanupResult = await db.userSignup.deleteMany({\n       where: {\n         signupStatus: \"EXPIRED\",\n                       ~~~~~~~~~\n         updatedAt: {\n           lt: new Date(\"2024-12-27T18:30:00.460Z\")\n         }\n       }\n     })\n\nInvalid value for argument `signupStatus`. Expected SIGNUP_STATUS.","name":"PrismaClientValidationError","stack":"PrismaClientValidationError: \nInvalid `db.userSignup.deleteMany()` invocation in\n/home/whynotparit/Desktop/work/chessinchunks/backend/src/cron/studentSignup.cron.js:24:49\n\n  21 const thirtyDaysAgo = new Date();\n  22 thirtyDaysAgo.setDate(thirtyDaysAgo.getDate() - 30);\n  23 \n→ 24 const cleanupResult = await db.userSignup.deleteMany({\n       where: {\n         signupStatus: \"EXPIRED\",\n                       ~~~~~~~~~\n         updatedAt: {\n           lt: new Date(\"2024-12-27T18:30:00.460Z\")\n         }\n       }\n     })\n\nInvalid value for argument `signupStatus`. Expected SIGNUP_STATUS.\n    at Dn (/home/whynotparit/Desktop/work/chessinchunks/backend/node_modules/@prisma/client/runtime/library.js:114:8082)\n    at Mn.handleRequestError (/home/whynotparit/Desktop/work/chessinchunks/backend/node_modules/@prisma/client/runtime/library.js:121:7396)\n    at Mn.handleAndLogRequestError (/home/whynotparit/Desktop/work/chessinchunks/backend/node_modules/@prisma/client/runtime/library.js:121:7061)\n    at Mn.request (/home/whynotparit/Desktop/work/chessinchunks/backend/node_modules/@prisma/client/runtime/library.js:121:6745)\n    at async l (/home/whynotparit/Desktop/work/chessinchunks/backend/node_modules/@prisma/client/runtime/library.js:130:9633)\n    at async Task._execution (/home/whynotparit/Desktop/work/chessinchunks/backend/src/cron/studentSignup.cron.js:24:29)","timestamp":"2025-01-27 00:00:00"}
{"clientVersion":"5.20.0","level":"error","name":"PrismaClientValidationError","timestamp":"2025-01-27 00:06:10"}
