{"code":"ECONNREFUSED","level":"\u001b[31merror\u001b[39m","message":"Error starting ngrok tunnels: connect ECONNREFUSED 127.0.0.1:4041","name":"RequestError","stack":"RequestError: connect ECONNREFUSED 127.0.0.1:4041\n    at ClientRequest.<anonymous> (/home/whynotparit/Desktop/work/chessinchunks/backend/node_modules/got/dist/source/core/index.js:970:111)\n    at Object.onceWrapper (node:events:633:26)\n    at ClientRequest.emit (node:events:530:35)\n    at origin.emit (/home/whynotparit/Desktop/work/chessinchunks/backend/node_modules/@szmarczak/http-timer/dist/source/index.js:43:20)\n    at emitErrorEvent (node:_http_client:101:11)\n    at Socket.socketErrorListener (node:_http_client:504:5)\n    at Socket.emit (node:events:518:28)\n    at emitErrorNT (node:internal/streams/destroy:169:8)\n    at emitErrorCloseNT (node:internal/streams/destroy:128:3)\n    at process.processTicksAndRejections (node:internal/process/task_queues:82:21)\n    at TCPConnectWrap.afterConnect [as oncomplete] (node:net:1611:16)","timestamp":"2025-01-28 00:18:21","timings":{"error":1738003701141,"phases":{"total":1,"wait":0},"socket":1738003701140,"start":1738003701140}}
{"code":"ECONNREFUSED","level":"\u001b[31merror\u001b[39m","message":"Error starting ngrok tunnels: connect ECONNREFUSED 127.0.0.1:4041","name":"RequestError","stack":"RequestError: connect ECONNREFUSED 127.0.0.1:4041\n    at ClientRequest.<anonymous> (/home/whynotparit/Desktop/work/chessinchunks/backend/node_modules/got/dist/source/core/index.js:970:111)\n    at Object.onceWrapper (node:events:633:26)\n    at ClientRequest.emit (node:events:530:35)\n    at origin.emit (/home/whynotparit/Desktop/work/chessinchunks/backend/node_modules/@szmarczak/http-timer/dist/source/index.js:43:20)\n    at emitErrorEvent (node:_http_client:101:11)\n    at Socket.socketErrorListener (node:_http_client:504:5)\n    at Socket.emit (node:events:518:28)\n    at emitErrorNT (node:internal/streams/destroy:169:8)\n    at emitErrorCloseNT (node:internal/streams/destroy:128:3)\n    at process.processTicksAndRejections (node:internal/process/task_queues:82:21)\n    at TCPConnectWrap.afterConnect [as oncomplete] (node:net:1611:16)","timestamp":"2025-01-28 00:20:20","timings":{"error":1738003820647,"phases":{"total":2,"wait":1},"socket":1738003820646,"start":1738003820645}}
{"code":"ECONNREFUSED","level":"\u001b[31merror\u001b[39m","message":"Error starting ngrok tunnels: connect ECONNREFUSED 127.0.0.1:4041","name":"RequestError","stack":"RequestError: connect ECONNREFUSED 127.0.0.1:4041\n    at ClientRequest.<anonymous> (/home/whynotparit/Desktop/work/chessinchunks/backend/node_modules/got/dist/source/core/index.js:970:111)\n    at Object.onceWrapper (node:events:633:26)\n    at ClientRequest.emit (node:events:530:35)\n    at origin.emit (/home/whynotparit/Desktop/work/chessinchunks/backend/node_modules/@szmarczak/http-timer/dist/source/index.js:43:20)\n    at emitErrorEvent (node:_http_client:101:11)\n    at Socket.socketErrorListener (node:_http_client:504:5)\n    at Socket.emit (node:events:518:28)\n    at emitErrorNT (node:internal/streams/destroy:169:8)\n    at emitErrorCloseNT (node:internal/streams/destroy:128:3)\n    at process.processTicksAndRejections (node:internal/process/task_queues:82:21)\n    at TCPConnectWrap.afterConnect [as oncomplete] (node:net:1611:16)","timestamp":"2025-01-28 00:24:33","timings":{"error":1738004073210,"phases":{"total":2,"wait":1},"socket":1738004073209,"start":1738004073208}}
{"code":"ECONNREFUSED","level":"\u001b[31merror\u001b[39m","message":"Error starting ngrok tunnels: connect ECONNREFUSED 127.0.0.1:4041","name":"RequestError","stack":"RequestError: connect ECONNREFUSED 127.0.0.1:4041\n    at ClientRequest.<anonymous> (/home/whynotparit/Desktop/work/chessinchunks/backend/node_modules/got/dist/source/core/index.js:970:111)\n    at Object.onceWrapper (node:events:633:26)\n    at ClientRequest.emit (node:events:530:35)\n    at origin.emit (/home/whynotparit/Desktop/work/chessinchunks/backend/node_modules/@szmarczak/http-timer/dist/source/index.js:43:20)\n    at emitErrorEvent (node:_http_client:101:11)\n    at Socket.socketErrorListener (node:_http_client:504:5)\n    at Socket.emit (node:events:518:28)\n    at emitErrorNT (node:internal/streams/destroy:169:8)\n    at emitErrorCloseNT (node:internal/streams/destroy:128:3)\n    at process.processTicksAndRejections (node:internal/process/task_queues:82:21)\n    at TCPConnectWrap.afterConnect [as oncomplete] (node:net:1611:16)","timestamp":"2025-01-28 00:24:47","timings":{"error":1738004087686,"phases":{"total":2,"wait":1},"socket":1738004087685,"start":1738004087684}}
{"level":"error","statusCode":401,"timestamp":"2025-01-28 08:35:43"}
{"level":"error","statusCode":401,"timestamp":"2025-01-28 08:35:52"}
{"level":"error","timestamp":"2025-01-28 08:37:59"}
{"level":"error","timestamp":"2025-01-28 08:38:40"}
{"level":"error","statusCode":400,"timestamp":"2025-01-28 09:30:47"}
{"level":"error","statusCode":400,"timestamp":"2025-01-28 09:30:48"}
{"level":"error","statusCode":400,"timestamp":"2025-01-28 09:30:49"}
{"clientVersion":"5.20.0","level":"error","name":"PrismaClientValidationError","timestamp":"2025-01-28 09:32:28"}
{"clientVersion":"5.20.0","level":"error","name":"PrismaClientValidationError","timestamp":"2025-01-28 09:32:33"}
{"clientVersion":"5.20.0","level":"error","name":"PrismaClientValidationError","timestamp":"2025-01-28 09:32:34"}
{"clientVersion":"5.20.0","level":"error","name":"PrismaClientValidationError","timestamp":"2025-01-28 09:32:34"}
{"clientVersion":"5.20.0","level":"error","name":"PrismaClientValidationError","timestamp":"2025-01-28 09:32:34"}
{"clientVersion":"5.20.0","level":"error","name":"PrismaClientValidationError","timestamp":"2025-01-28 09:32:34"}
{"clientVersion":"5.20.0","level":"error","name":"PrismaClientValidationError","timestamp":"2025-01-28 09:32:34"}
{"clientVersion":"5.20.0","level":"error","name":"PrismaClientValidationError","timestamp":"2025-01-28 09:32:34"}
{"clientVersion":"5.20.0","level":"error","name":"PrismaClientValidationError","timestamp":"2025-01-28 09:32:35"}
{"clientVersion":"5.20.0","level":"error","name":"PrismaClientValidationError","timestamp":"2025-01-28 09:32:35"}
{"clientVersion":"5.20.0","level":"error","name":"PrismaClientValidationError","timestamp":"2025-01-28 09:32:35"}
{"clientVersion":"5.20.0","level":"error","name":"PrismaClientValidationError","timestamp":"2025-01-28 09:32:35"}
{"level":"error","statusCode":400,"timestamp":"2025-01-28 09:34:07"}
{"level":"error","statusCode":400,"timestamp":"2025-01-28 09:34:15"}
{"clientVersion":"5.20.0","level":"error","name":"PrismaClientValidationError","timestamp":"2025-01-28 09:34:58"}
{"level":"error","statusCode":400,"timestamp":"2025-01-28 09:35:40"}
{"level":"error","statusCode":400,"timestamp":"2025-01-28 09:36:43"}
{"level":"error","statusCode":400,"timestamp":"2025-01-28 09:37:39"}
{"code":"ECONNREFUSED","level":"\u001b[31merror\u001b[39m","message":"Error starting ngrok tunnels: connect ECONNREFUSED 127.0.0.1:4040","name":"RequestError","stack":"RequestError: connect ECONNREFUSED 127.0.0.1:4040\n    at ClientRequest.<anonymous> (/home/whynotparit/Desktop/work/chessinchunks/backend/node_modules/got/dist/source/core/index.js:970:111)\n    at Object.onceWrapper (node:events:633:26)\n    at ClientRequest.emit (node:events:530:35)\n    at origin.emit (/home/whynotparit/Desktop/work/chessinchunks/backend/node_modules/@szmarczak/http-timer/dist/source/index.js:43:20)\n    at emitErrorEvent (node:_http_client:101:11)\n    at Socket.socketErrorListener (node:_http_client:504:5)\n    at Socket.emit (node:events:518:28)\n    at emitErrorNT (node:internal/streams/destroy:169:8)\n    at emitErrorCloseNT (node:internal/streams/destroy:128:3)\n    at process.processTicksAndRejections (node:internal/process/task_queues:82:21)\n    at TCPConnectWrap.afterConnect [as oncomplete] (node:net:1611:16)","timestamp":"2025-01-28 09:54:39","timings":{"error":1738038279031,"phases":{"total":3,"wait":1},"socket":1738038279029,"start":1738038279028}}
{"clientVersion":"5.20.0","level":"error","name":"PrismaClientValidationError","timestamp":"2025-01-28 09:56:18"}
{"clientVersion":"5.20.0","level":"error","name":"PrismaClientValidationError","timestamp":"2025-01-28 10:01:15"}
{"clientVersion":"5.20.0","level":"error","name":"PrismaClientValidationError","timestamp":"2025-01-28 10:01:48"}
{"level":"error","timestamp":"2025-01-28 10:09:50"}
{"level":"error","timestamp":"2025-01-28 10:09:57"}
{"code":"ECONNREFUSED","level":"\u001b[31merror\u001b[39m","message":"Error starting ngrok tunnels: connect ECONNREFUSED 127.0.0.1:4040","name":"RequestError","stack":"RequestError: connect ECONNREFUSED 127.0.0.1:4040\n    at ClientRequest.<anonymous> (/home/whynotparit/Desktop/work/chessinchunks/backend/node_modules/got/dist/source/core/index.js:970:111)\n    at Object.onceWrapper (node:events:633:26)\n    at ClientRequest.emit (node:events:530:35)\n    at origin.emit (/home/whynotparit/Desktop/work/chessinchunks/backend/node_modules/@szmarczak/http-timer/dist/source/index.js:43:20)\n    at emitErrorEvent (node:_http_client:101:11)\n    at Socket.socketErrorListener (node:_http_client:504:5)\n    at Socket.emit (node:events:518:28)\n    at emitErrorNT (node:internal/streams/destroy:169:8)\n    at emitErrorCloseNT (node:internal/streams/destroy:128:3)\n    at process.processTicksAndRejections (node:internal/process/task_queues:82:21)\n    at TCPConnectWrap.afterConnect [as oncomplete] (node:net:1611:16)","timestamp":"2025-01-28 10:11:23","timings":{"error":1738039283761,"phases":{"total":6,"wait":0},"socket":1738039283755,"start":1738039283755}}
{"code":"ECONNREFUSED","level":"\u001b[31merror\u001b[39m","message":"Error starting ngrok tunnels: connect ECONNREFUSED 127.0.0.1:4040","name":"RequestError","stack":"RequestError: connect ECONNREFUSED 127.0.0.1:4040\n    at ClientRequest.<anonymous> (/home/whynotparit/Desktop/work/chessinchunks/backend/node_modules/got/dist/source/core/index.js:970:111)\n    at Object.onceWrapper (node:events:633:26)\n    at ClientRequest.emit (node:events:530:35)\n    at origin.emit (/home/whynotparit/Desktop/work/chessinchunks/backend/node_modules/@szmarczak/http-timer/dist/source/index.js:43:20)\n    at emitErrorEvent (node:_http_client:101:11)\n    at Socket.socketErrorListener (node:_http_client:504:5)\n    at Socket.emit (node:events:518:28)\n    at emitErrorNT (node:internal/streams/destroy:169:8)\n    at emitErrorCloseNT (node:internal/streams/destroy:128:3)\n    at process.processTicksAndRejections (node:internal/process/task_queues:82:21)\n    at TCPConnectWrap.afterConnect [as oncomplete] (node:net:1611:16)","timestamp":"2025-01-28 15:15:06","timings":{"error":1738057506618,"phases":{"total":1,"wait":1},"socket":1738057506618,"start":1738057506617}}
{"level":"error","statusCode":404,"timestamp":"2025-01-28 15:15:17"}
{"level":"error","statusCode":404,"timestamp":"2025-01-28 15:15:17"}
{"level":"error","statusCode":404,"timestamp":"2025-01-28 15:15:17"}
{"level":"error","statusCode":404,"timestamp":"2025-01-28 15:15:17"}
{"level":"error","statusCode":404,"timestamp":"2025-01-28 15:15:18"}
{"level":"error","statusCode":404,"timestamp":"2025-01-28 15:15:18"}
{"level":"error","statusCode":404,"timestamp":"2025-01-28 15:15:18"}
{"level":"error","statusCode":404,"timestamp":"2025-01-28 15:15:18"}
{"clientVersion":"5.20.0","level":"error","name":"PrismaClientValidationError","timestamp":"2025-01-28 15:17:22"}
{"level":"error","statusCode":400,"timestamp":"2025-01-28 15:17:22"}
{"level":"error","statusCode":400,"timestamp":"2025-01-28 15:17:28"}
{"clientVersion":"5.20.0","level":"error","name":"PrismaClientValidationError","timestamp":"2025-01-28 15:17:28"}
{"level":"error","statusCode":500,"timestamp":"2025-01-28 15:28:16"}
{"level":"error","statusCode":500,"timestamp":"2025-01-28 15:28:18"}
{"level":"error","statusCode":500,"timestamp":"2025-01-28 15:28:21"}
{"level":"error","statusCode":500,"timestamp":"2025-01-28 15:28:21"}
{"level":"error","statusCode":500,"timestamp":"2025-01-28 15:28:22"}
{"level":"error","statusCode":400,"timestamp":"2025-01-28 15:32:07"}
{"clientVersion":"5.20.0","level":"error","name":"PrismaClientValidationError","timestamp":"2025-01-28 15:43:19"}
{"level":"error","timestamp":"2025-01-28 15:45:22"}
{"level":"error","timestamp":"2025-01-28 15:45:42"}
{"level":"error","statusCode":404,"timestamp":"2025-01-28 15:47:46"}
{"level":"error","statusCode":404,"timestamp":"2025-01-28 15:47:46"}
{"level":"error","statusCode":404,"timestamp":"2025-01-28 15:47:46"}
{"level":"error","statusCode":404,"timestamp":"2025-01-28 15:47:46"}
{"level":"error","statusCode":404,"timestamp":"2025-01-28 15:48:08"}
{"level":"error","statusCode":404,"timestamp":"2025-01-28 15:48:12"}
{"level":"error","statusCode":404,"timestamp":"2025-01-28 15:48:15"}
{"level":"error","statusCode":404,"timestamp":"2025-01-28 15:48:15"}
{"level":"error","statusCode":404,"timestamp":"2025-01-28 16:00:32"}
{"level":"error","statusCode":404,"timestamp":"2025-01-28 16:00:32"}
{"level":"error","statusCode":404,"timestamp":"2025-01-28 16:00:32"}
{"level":"error","statusCode":404,"timestamp":"2025-01-28 16:00:32"}
{"level":"error","statusCode":404,"timestamp":"2025-01-28 16:00:35"}
{"level":"error","statusCode":404,"timestamp":"2025-01-28 16:00:35"}
{"level":"error","statusCode":404,"timestamp":"2025-01-28 16:00:35"}
{"level":"error","statusCode":404,"timestamp":"2025-01-28 16:00:35"}
{"level":"error","statusCode":404,"timestamp":"2025-01-28 16:03:17"}
{"level":"error","statusCode":404,"timestamp":"2025-01-28 16:03:17"}
{"level":"error","statusCode":404,"timestamp":"2025-01-28 16:03:17"}
{"level":"error","statusCode":404,"timestamp":"2025-01-28 16:03:17"}
{"level":"error","statusCode":404,"timestamp":"2025-01-28 16:17:28"}
{"level":"error","statusCode":404,"timestamp":"2025-01-28 16:17:28"}
{"level":"error","statusCode":404,"timestamp":"2025-01-28 16:17:28"}
{"level":"error","statusCode":404,"timestamp":"2025-01-28 16:17:28"}
{"level":"error","statusCode":404,"timestamp":"2025-01-28 16:17:31"}
{"level":"error","statusCode":404,"timestamp":"2025-01-28 16:17:31"}
{"level":"error","statusCode":404,"timestamp":"2025-01-28 16:17:31"}
{"level":"error","statusCode":404,"timestamp":"2025-01-28 16:17:31"}
{"clientVersion":"5.20.0","level":"error","name":"PrismaClientValidationError","timestamp":"2025-01-28 16:20:13"}
{"code":"ECONNREFUSED","level":"\u001b[31merror\u001b[39m","message":"Error starting ngrok tunnels: connect ECONNREFUSED 127.0.0.1:4040","name":"RequestError","stack":"RequestError: connect ECONNREFUSED 127.0.0.1:4040\n    at ClientRequest.<anonymous> (/home/whynotparit/Desktop/work/chessinchunks/backend/node_modules/got/dist/source/core/index.js:970:111)\n    at Object.onceWrapper (node:events:633:26)\n    at ClientRequest.emit (node:events:530:35)\n    at origin.emit (/home/whynotparit/Desktop/work/chessinchunks/backend/node_modules/@szmarczak/http-timer/dist/source/index.js:43:20)\n    at emitErrorEvent (node:_http_client:101:11)\n    at Socket.socketErrorListener (node:_http_client:504:5)\n    at Socket.emit (node:events:518:28)\n    at emitErrorNT (node:internal/streams/destroy:169:8)\n    at emitErrorCloseNT (node:internal/streams/destroy:128:3)\n    at process.processTicksAndRejections (node:internal/process/task_queues:82:21)\n    at TCPConnectWrap.afterConnect [as oncomplete] (node:net:1611:16)","timestamp":"2025-01-28 16:22:39","timings":{"error":1738061559138,"phases":{"total":3,"wait":1},"socket":1738061559136,"start":1738061559135}}
{"clientVersion":"5.20.0","level":"error","name":"PrismaClientValidationError","timestamp":"2025-01-28 16:23:28"}
{"clientVersion":"5.20.0","level":"error","name":"PrismaClientValidationError","timestamp":"2025-01-28 16:31:20"}
{"clientVersion":"5.20.0","level":"error","name":"PrismaClientValidationError","timestamp":"2025-01-28 16:31:22"}
{"level":"error","statusCode":404,"timestamp":"2025-01-28 16:38:54"}
{"level":"error","statusCode":404,"timestamp":"2025-01-28 16:38:54"}
{"level":"error","statusCode":404,"timestamp":"2025-01-28 16:38:54"}
{"level":"error","statusCode":404,"timestamp":"2025-01-28 16:38:54"}
{"level":"error","statusCode":404,"timestamp":"2025-01-28 16:38:57"}
{"level":"error","statusCode":404,"timestamp":"2025-01-28 16:38:57"}
{"level":"error","statusCode":404,"timestamp":"2025-01-28 16:38:57"}
{"level":"error","statusCode":404,"timestamp":"2025-01-28 16:38:57"}
{"code":"ECONNREFUSED","level":"\u001b[31merror\u001b[39m","message":"Error starting ngrok tunnels: connect ECONNREFUSED 127.0.0.1:4040","name":"RequestError","stack":"RequestError: connect ECONNREFUSED 127.0.0.1:4040\n    at ClientRequest.<anonymous> (/home/whynotparit/Desktop/work/chessinchunks/backend/node_modules/got/dist/source/core/index.js:970:111)\n    at Object.onceWrapper (node:events:633:26)\n    at ClientRequest.emit (node:events:530:35)\n    at origin.emit (/home/whynotparit/Desktop/work/chessinchunks/backend/node_modules/@szmarczak/http-timer/dist/source/index.js:43:20)\n    at emitErrorEvent (node:_http_client:101:11)\n    at Socket.socketErrorListener (node:_http_client:504:5)\n    at Socket.emit (node:events:518:28)\n    at emitErrorNT (node:internal/streams/destroy:169:8)\n    at emitErrorCloseNT (node:internal/streams/destroy:128:3)\n    at process.processTicksAndRejections (node:internal/process/task_queues:82:21)\n    at TCPConnectWrap.afterConnect [as oncomplete] (node:net:1611:16)","timestamp":"2025-01-28 22:09:50","timings":{"error":1738082390256,"phases":{"total":1,"wait":0},"socket":1738082390255,"start":1738082390255}}
{"level":"error","statusCode":400,"timestamp":"2025-01-28 22:40:15"}
{"level":"error","message":"Admin verification failed: 400","timestamp":"2025-01-28 22:45:11"}
{"level":"error","statusCode":400,"timestamp":"2025-01-28 22:56:42"}
{"level":"error","message":"Admin verification failed: 400","timestamp":"2025-01-28 23:00:04"}
