{"code":"ECONNREFUSED","level":"\u001b[31merror\u001b[39m","message":"Error starting ngrok tunnels: connect ECONNREFUSED 127.0.0.1:4041","name":"RequestError","stack":"RequestError: connect ECONNREFUSED 127.0.0.1:4041\n    at ClientRequest.<anonymous> (/home/whynotparit/Desktop/work/chessinchunks/backend/node_modules/got/dist/source/core/index.js:970:111)\n    at Object.onceWrapper (node:events:633:26)\n    at ClientRequest.emit (node:events:530:35)\n    at origin.emit (/home/whynotparit/Desktop/work/chessinchunks/backend/node_modules/@szmarczak/http-timer/dist/source/index.js:43:20)\n    at emitErrorEvent (node:_http_client:101:11)\n    at Socket.socketErrorListener (node:_http_client:504:5)\n    at Socket.emit (node:events:518:28)\n    at emitErrorNT (node:internal/streams/destroy:169:8)\n    at emitErrorCloseNT (node:internal/streams/destroy:128:3)\n    at process.processTicksAndRejections (node:internal/process/task_queues:82:21)\n    at TCPConnectWrap.afterConnect [as oncomplete] (node:net:1611:16)","timestamp":"2025-01-28 00:18:21","timings":{"error":1738003701141,"phases":{"total":1,"wait":0},"socket":1738003701140,"start":1738003701140}}
{"level":"info","message":"Database connection successful","timestamp":"2025-01-28 00:18:21"}
{"level":"info","message":"Server is running on port 5000","timestamp":"2025-01-28 00:18:21"}
{"level":"info","message":"Initial origins update completed","timestamp":"2025-01-28 00:18:21"}
{"level":"info","message":"Database connection successful","timestamp":"2025-01-28 00:20:20"}
{"level":"info","message":"Server is running on port 5000","timestamp":"2025-01-28 00:20:20"}
{"level":"info","message":"Initial origins update completed","timestamp":"2025-01-28 00:20:20"}
{"code":"ECONNREFUSED","level":"\u001b[31merror\u001b[39m","message":"Error starting ngrok tunnels: connect ECONNREFUSED 127.0.0.1:4041","name":"RequestError","stack":"RequestError: connect ECONNREFUSED 127.0.0.1:4041\n    at ClientRequest.<anonymous> (/home/whynotparit/Desktop/work/chessinchunks/backend/node_modules/got/dist/source/core/index.js:970:111)\n    at Object.onceWrapper (node:events:633:26)\n    at ClientRequest.emit (node:events:530:35)\n    at origin.emit (/home/whynotparit/Desktop/work/chessinchunks/backend/node_modules/@szmarczak/http-timer/dist/source/index.js:43:20)\n    at emitErrorEvent (node:_http_client:101:11)\n    at Socket.socketErrorListener (node:_http_client:504:5)\n    at Socket.emit (node:events:518:28)\n    at emitErrorNT (node:internal/streams/destroy:169:8)\n    at emitErrorCloseNT (node:internal/streams/destroy:128:3)\n    at process.processTicksAndRejections (node:internal/process/task_queues:82:21)\n    at TCPConnectWrap.afterConnect [as oncomplete] (node:net:1611:16)","timestamp":"2025-01-28 00:20:20","timings":{"error":1738003820647,"phases":{"total":2,"wait":1},"socket":1738003820646,"start":1738003820645}}
{"level":"info","message":"Database connection successful","timestamp":"2025-01-28 00:20:53"}
{"level":"info","message":"Server is running on port 5000","timestamp":"2025-01-28 00:20:53"}
{"level":"info","message":"Initial origins update completed","timestamp":"2025-01-28 00:20:53"}
{"level":"warn","message":"Origin not allowed: https://135e-2405-201-6820-78f9-2a19-1c36-9424-3a58.ngrok-free.app","timestamp":"2025-01-28 00:22:21"}
{"level":"warn","message":"Blocked request from unauthorized origin: https://135e-2405-201-6820-78f9-2a19-1c36-9424-3a58.ngrok-free.app","timestamp":"2025-01-28 00:22:21"}
{"level":"info","message":"OPTIONS /api/v1/auth/login-with-password 403 2.973 ms - 43","timestamp":"2025-01-28 00:22:21"}
{"level":"warn","message":"Origin not allowed: https://135e-2405-201-6820-78f9-2a19-1c36-9424-3a58.ngrok-free.app","timestamp":"2025-01-28 00:22:22"}
{"level":"warn","message":"Blocked request from unauthorized origin: https://135e-2405-201-6820-78f9-2a19-1c36-9424-3a58.ngrok-free.app","timestamp":"2025-01-28 00:22:22"}
{"level":"info","message":"OPTIONS /api/v1/auth/login-with-password 403 1.395 ms - 43","timestamp":"2025-01-28 00:22:22"}
{"level":"info","message":"Database connection successful","timestamp":"2025-01-28 00:22:48"}
{"level":"info","message":"Server is running on port 5000","timestamp":"2025-01-28 00:22:48"}
{"level":"info","message":"Initial origins update completed","timestamp":"2025-01-28 00:22:48"}
{"level":"warn","message":"Origin not allowed: https://135e-2405-201-6820-78f9-2a19-1c36-9424-3a58.ngrok-free.app","timestamp":"2025-01-28 00:22:50"}
{"level":"warn","message":"Blocked request from unauthorized origin: https://135e-2405-201-6820-78f9-2a19-1c36-9424-3a58.ngrok-free.app","timestamp":"2025-01-28 00:22:50"}
{"level":"info","message":"OPTIONS /api/v1/auth/login-with-password 403 2.571 ms - 43","timestamp":"2025-01-28 00:22:50"}
{"level":"warn","message":"Origin not allowed: https://135e-2405-201-6820-78f9-2a19-1c36-9424-3a58.ngrok-free.app","timestamp":"2025-01-28 00:22:52"}
{"level":"warn","message":"Blocked request from unauthorized origin: https://135e-2405-201-6820-78f9-2a19-1c36-9424-3a58.ngrok-free.app","timestamp":"2025-01-28 00:22:52"}
{"level":"info","message":"OPTIONS /api/v1/auth/login-with-password 403 0.796 ms - 43","timestamp":"2025-01-28 00:22:52"}
{"level":"info","message":"Database connection successful","timestamp":"2025-01-28 00:23:07"}
{"level":"info","message":"Server is running on port 5000","timestamp":"2025-01-28 00:23:07"}
{"level":"info","message":"Initial origins update completed","timestamp":"2025-01-28 00:23:07"}
{"level":"info","message":"Database connection successful","timestamp":"2025-01-28 00:23:09"}
{"level":"info","message":"Server is running on port 5000","timestamp":"2025-01-28 00:23:09"}
{"level":"info","message":"Initial origins update completed","timestamp":"2025-01-28 00:23:09"}
{"level":"info","message":"OPTIONS /api/v1/auth/login-with-password 200 0.737 ms - -","timestamp":"2025-01-28 00:23:11"}
{"level":"info","message":"POST /api/v1/auth/login-with-password 200 207.432 ms - 498","timestamp":"2025-01-28 00:23:11"}
{"level":"info","message":"OPTIONS /api/v1/notifications 200 0.099 ms - -","timestamp":"2025-01-28 00:23:11"}
{"level":"info","message":"OPTIONS /api/v1/dashboard 200 0.124 ms - -","timestamp":"2025-01-28 00:23:11"}
{"level":"info","message":"OPTIONS /api/v1/permission 200 0.213 ms - -","timestamp":"2025-01-28 00:23:11"}
{"level":"info","message":"GET /api/v1/notifications 200 17.571 ms - 2","timestamp":"2025-01-28 00:23:11"}
{"level":"info","message":"GET /api/v1/permission 200 21.020 ms - 1122","timestamp":"2025-01-28 00:23:11"}
{"level":"info","message":"GET /api/v1/dashboard 200 34.613 ms - 115","timestamp":"2025-01-28 00:23:11"}
{"code":"ECONNREFUSED","level":"\u001b[31merror\u001b[39m","message":"Error starting ngrok tunnels: connect ECONNREFUSED 127.0.0.1:4041","name":"RequestError","stack":"RequestError: connect ECONNREFUSED 127.0.0.1:4041\n    at ClientRequest.<anonymous> (/home/whynotparit/Desktop/work/chessinchunks/backend/node_modules/got/dist/source/core/index.js:970:111)\n    at Object.onceWrapper (node:events:633:26)\n    at ClientRequest.emit (node:events:530:35)\n    at origin.emit (/home/whynotparit/Desktop/work/chessinchunks/backend/node_modules/@szmarczak/http-timer/dist/source/index.js:43:20)\n    at emitErrorEvent (node:_http_client:101:11)\n    at Socket.socketErrorListener (node:_http_client:504:5)\n    at Socket.emit (node:events:518:28)\n    at emitErrorNT (node:internal/streams/destroy:169:8)\n    at emitErrorCloseNT (node:internal/streams/destroy:128:3)\n    at process.processTicksAndRejections (node:internal/process/task_queues:82:21)\n    at TCPConnectWrap.afterConnect [as oncomplete] (node:net:1611:16)","timestamp":"2025-01-28 00:24:33","timings":{"error":1738004073210,"phases":{"total":2,"wait":1},"socket":1738004073209,"start":1738004073208}}
{"code":"ECONNREFUSED","level":"\u001b[31merror\u001b[39m","message":"Error starting ngrok tunnels: connect ECONNREFUSED 127.0.0.1:4041","name":"RequestError","stack":"RequestError: connect ECONNREFUSED 127.0.0.1:4041\n    at ClientRequest.<anonymous> (/home/whynotparit/Desktop/work/chessinchunks/backend/node_modules/got/dist/source/core/index.js:970:111)\n    at Object.onceWrapper (node:events:633:26)\n    at ClientRequest.emit (node:events:530:35)\n    at origin.emit (/home/whynotparit/Desktop/work/chessinchunks/backend/node_modules/@szmarczak/http-timer/dist/source/index.js:43:20)\n    at emitErrorEvent (node:_http_client:101:11)\n    at Socket.socketErrorListener (node:_http_client:504:5)\n    at Socket.emit (node:events:518:28)\n    at emitErrorNT (node:internal/streams/destroy:169:8)\n    at emitErrorCloseNT (node:internal/streams/destroy:128:3)\n    at process.processTicksAndRejections (node:internal/process/task_queues:82:21)\n    at TCPConnectWrap.afterConnect [as oncomplete] (node:net:1611:16)","timestamp":"2025-01-28 00:24:47","timings":{"error":1738004087686,"phases":{"total":2,"wait":1},"socket":1738004087685,"start":1738004087684}}
{"level":"\u001b[32minfo\u001b[39m","message":"Ngrok tunnels started successfully!","timestamp":"2025-01-28 00:24:52"}
{"level":"\u001b[32minfo\u001b[39m","message":"Ngrok URL: https://002f-2405-201-6820-78f9-2a19-1c36-9424-3a58.ngrok-free.app","timestamp":"2025-01-28 00:24:52"}
{"level":"info","message":"Database connection successful","timestamp":"2025-01-28 08:35:07"}
{"level":"info","message":"Server is running on port 5000","timestamp":"2025-01-28 08:35:07"}
{"level":"info","message":"Initial origins update completed","timestamp":"2025-01-28 08:35:07"}
{"level":"info","message":"OPTIONS /api/v1/auth/login-with-password 200 1.638 ms - -","timestamp":"2025-01-28 08:35:43"}
{"level":"error","statusCode":401,"timestamp":"2025-01-28 08:35:43"}
{"level":"info","message":"POST /api/v1/auth/login-with-password 401 277.916 ms - 354","timestamp":"2025-01-28 08:35:43"}
{"level":"info","message":"OPTIONS /api/v1/auth/login-with-password 200 0.414 ms - -","timestamp":"2025-01-28 08:35:52"}
{"level":"error","statusCode":401,"timestamp":"2025-01-28 08:35:52"}
{"level":"info","message":"POST /api/v1/auth/login-with-password 401 209.045 ms - 354","timestamp":"2025-01-28 08:35:52"}
{"level":"info","message":"POST /api/v1/auth/login-with-password 200 239.497 ms - 887","timestamp":"2025-01-28 08:35:57"}
{"level":"info","message":"OPTIONS /api/v1/notifications 200 0.196 ms - -","timestamp":"2025-01-28 08:35:57"}
{"level":"info","message":"OPTIONS /api/v1/dashboard 200 0.236 ms - -","timestamp":"2025-01-28 08:35:57"}
{"level":"info","message":"OPTIONS /api/v1/permission 200 0.216 ms - -","timestamp":"2025-01-28 08:35:57"}
{"level":"info","message":"GET /api/v1/notifications 200 27.095 ms - 2","timestamp":"2025-01-28 08:35:57"}
{"level":"info","message":"GET /api/v1/permission 200 24.193 ms - 3063","timestamp":"2025-01-28 08:35:57"}
{"level":"info","message":"GET /api/v1/dashboard 200 65.501 ms - 96","timestamp":"2025-01-28 08:35:57"}
{"level":"info","message":"OPTIONS /api/v1/notifications 200 0.184 ms - -","timestamp":"2025-01-28 08:36:06"}
{"level":"info","message":"OPTIONS /api/v1/dashboard 200 0.204 ms - -","timestamp":"2025-01-28 08:36:06"}
{"level":"info","message":"OPTIONS /api/v1/permission 200 0.193 ms - -","timestamp":"2025-01-28 08:36:06"}
{"level":"info","message":"GET /api/v1/notifications 304 19.789 ms - -","timestamp":"2025-01-28 08:36:06"}
{"level":"info","message":"GET /api/v1/permission 304 19.573 ms - -","timestamp":"2025-01-28 08:36:06"}
{"level":"info","message":"GET /api/v1/dashboard 304 46.659 ms - -","timestamp":"2025-01-28 08:36:06"}
{"level":"info","message":"OPTIONS /api/v1/permission 200 0.256 ms - -","timestamp":"2025-01-28 08:36:20"}
{"level":"info","message":"GET /api/v1/permission 304 15.546 ms - -","timestamp":"2025-01-28 08:36:20"}
{"level":"info","message":"OPTIONS /api/v1/notifications 200 0.250 ms - -","timestamp":"2025-01-28 08:36:20"}
{"level":"info","message":"OPTIONS /api/v1/dashboard 200 0.192 ms - -","timestamp":"2025-01-28 08:36:20"}
{"level":"info","message":"GET /api/v1/notifications 304 12.600 ms - -","timestamp":"2025-01-28 08:36:20"}
{"level":"info","message":"GET /api/v1/dashboard 304 30.033 ms - -","timestamp":"2025-01-28 08:36:20"}
{"level":"info","message":"OPTIONS /api/v1/permission/roles 200 0.279 ms - -","timestamp":"2025-01-28 08:36:22"}
{"level":"info","message":"GET /api/v1/permission/roles 200 19.422 ms - 32803","timestamp":"2025-01-28 08:36:22"}
{"level":"info","message":"OPTIONS /api/v1/permission 200 0.189 ms - -","timestamp":"2025-01-28 08:36:35"}
{"level":"info","message":"OPTIONS /api/v1/permission 200 0.184 ms - -","timestamp":"2025-01-28 08:36:35"}
{"level":"info","message":"OPTIONS /api/v1/permission 200 0.231 ms - -","timestamp":"2025-01-28 08:36:35"}
{"level":"info","message":"OPTIONS /api/v1/permission 200 0.283 ms - -","timestamp":"2025-01-28 08:36:35"}
{"level":"info","message":"PUT /api/v1/permission 200 108.772 ms - 12","timestamp":"2025-01-28 08:36:35"}
{"level":"info","message":"PUT /api/v1/permission 200 60.927 ms - 12","timestamp":"2025-01-28 08:36:35"}
{"level":"info","message":"PUT /api/v1/permission 200 14.694 ms - 11","timestamp":"2025-01-28 08:36:35"}
{"level":"info","message":"PUT /api/v1/permission 200 14.548 ms - 11","timestamp":"2025-01-28 08:36:35"}
{"level":"info","message":"OPTIONS /api/v1/permission/roles 200 0.232 ms - -","timestamp":"2025-01-28 08:36:35"}
{"level":"info","message":"GET /api/v1/permission 200 21.394 ms - 1122","timestamp":"2025-01-28 08:36:35"}
{"level":"info","message":"GET /api/v1/permission/roles 200 21.901 ms - 33368","timestamp":"2025-01-28 08:36:35"}
{"level":"info","message":"OPTIONS /api/v1/notifications 200 0.165 ms - -","timestamp":"2025-01-28 08:36:41"}
{"level":"info","message":"OPTIONS /api/v1/dashboard 200 0.223 ms - -","timestamp":"2025-01-28 08:36:41"}
{"level":"info","message":"OPTIONS /api/v1/permission 200 0.147 ms - -","timestamp":"2025-01-28 08:36:41"}
{"level":"info","message":"GET /api/v1/notifications 304 11.930 ms - -","timestamp":"2025-01-28 08:36:41"}
{"level":"info","message":"GET /api/v1/permission 200 15.437 ms - 3180","timestamp":"2025-01-28 08:36:41"}
{"level":"info","message":"GET /api/v1/dashboard 304 32.021 ms - -","timestamp":"2025-01-28 08:36:41"}
{"level":"info","message":"OPTIONS /api/v1/admins 200 0.197 ms - -","timestamp":"2025-01-28 08:36:45"}
{"level":"info","message":"GET /api/v1/admins 200 21.575 ms - 2","timestamp":"2025-01-28 08:36:45"}
{"level":"info","message":"OPTIONS /api/v1/admins 200 0.179 ms - -","timestamp":"2025-01-28 08:37:15"}
{"level":"info","message":"POST /api/v1/admins 201 3696.007 ms - 1564","timestamp":"2025-01-28 08:37:19"}
{"level":"info","message":"GET /api/v1/admins 200 22.333 ms - 1071","timestamp":"2025-01-28 08:37:19"}
{"level":"info","message":"OPTIONS /api/v1/permission 200 0.164 ms - -","timestamp":"2025-01-28 08:37:34"}
{"level":"info","message":"GET /api/v1/permission 304 15.501 ms - -","timestamp":"2025-01-28 08:37:34"}
{"level":"info","message":"OPTIONS /api/v1/admins/verify-otp 200 0.180 ms - -","timestamp":"2025-01-28 08:37:41"}
{"level":"info","message":"POST /api/v1/admins/verify-otp 200 22.627 ms - 12","timestamp":"2025-01-28 08:37:41"}
{"level":"info","message":"OPTIONS /api/v1/admins/set-password 200 0.196 ms - -","timestamp":"2025-01-28 08:37:53"}
{"level":"info","message":"POST /api/v1/admins/set-password 200 223.012 ms - 39","timestamp":"2025-01-28 08:37:54"}
{"level":"info","message":"OPTIONS /api/v1/notifications 200 0.169 ms - -","timestamp":"2025-01-28 08:37:54"}
{"level":"info","message":"OPTIONS /api/v1/dashboard 200 0.263 ms - -","timestamp":"2025-01-28 08:37:54"}
{"level":"info","message":"GET /api/v1/notifications 304 13.558 ms - -","timestamp":"2025-01-28 08:37:54"}
{"level":"info","message":"GET /api/v1/dashboard 304 37.475 ms - -","timestamp":"2025-01-28 08:37:54"}
{"level":"info","message":"OPTIONS /api/v1/user/profile/8230d585-2d2c-4e71-9008-daf84804ede7 200 0.285 ms - -","timestamp":"2025-01-28 08:37:59"}
{"level":"error","timestamp":"2025-01-28 08:37:59"}
{"level":"info","message":"GET /api/v1/user/profile/8230d585-2d2c-4e71-9008-daf84804ede7 500 26.051 ms - 382","timestamp":"2025-01-28 08:37:59"}
{"level":"info","message":"OPTIONS /api/v1/auth/login-with-password 200 0.255 ms - -","timestamp":"2025-01-28 08:38:24"}
{"level":"info","message":"POST /api/v1/auth/login-with-password 200 229.398 ms - 884","timestamp":"2025-01-28 08:38:25"}
{"level":"info","message":"OPTIONS /api/v1/user/profile/2de6daf4-a089-4fef-b766-385b9154adcc 200 0.238 ms - -","timestamp":"2025-01-28 08:38:40"}
{"level":"error","timestamp":"2025-01-28 08:38:40"}
{"level":"info","message":"GET /api/v1/user/profile/2de6daf4-a089-4fef-b766-385b9154adcc 500 22.646 ms - 382","timestamp":"2025-01-28 08:38:40"}
{"level":"info","message":"OPTIONS /api/v1/admins 200 0.194 ms - -","timestamp":"2025-01-28 08:41:38"}
{"level":"info","message":"GET /api/v1/admins 200 71.222 ms - 1366","timestamp":"2025-01-28 08:41:38"}
{"level":"info","message":"Database connection successful","timestamp":"2025-01-28 08:43:48"}
{"level":"info","message":"Server is running on port 5000","timestamp":"2025-01-28 08:43:48"}
{"level":"info","message":"Initial origins update completed","timestamp":"2025-01-28 08:43:48"}
{"level":"info","message":"Database connection successful","timestamp":"2025-01-28 08:44:09"}
{"level":"info","message":"Server is running on port 5000","timestamp":"2025-01-28 08:44:09"}
{"level":"info","message":"Initial origins update completed","timestamp":"2025-01-28 08:44:09"}
{"level":"\u001b[32minfo\u001b[39m","message":"Ngrok tunnels started successfully!","timestamp":"2025-01-28 08:44:21"}
{"level":"\u001b[32minfo\u001b[39m","message":"Ngrok URL: https://7a87-2405-201-6820-78f9-4401-db7a-29c5-21b8.ngrok-free.app","timestamp":"2025-01-28 08:44:21"}
{"level":"info","message":"Database connection successful","timestamp":"2025-01-28 08:44:21"}
{"level":"info","message":"Server is running on port 5000","timestamp":"2025-01-28 08:44:21"}
{"level":"info","message":"Initial origins update completed","timestamp":"2025-01-28 08:44:21"}
{"level":"info","message":"GET / 404 6.218 ms - 139","timestamp":"2025-01-28 08:46:05"}
{"level":"\u001b[32minfo\u001b[39m","message":"Ngrok tunnels started successfully!","timestamp":"2025-01-28 08:47:01"}
{"level":"\u001b[32minfo\u001b[39m","message":"Ngrok URL: https://4ef2-2405-201-6820-78f9-4401-db7a-29c5-21b8.ngrok-free.app","timestamp":"2025-01-28 08:47:01"}
{"level":"info","message":"Database connection successful","timestamp":"2025-01-28 08:47:01"}
{"level":"info","message":"Server is running on port 5000","timestamp":"2025-01-28 08:47:01"}
{"level":"info","message":"Initial origins update completed","timestamp":"2025-01-28 08:47:01"}
{"level":"warn","message":"Origin not allowed: https://1d84-2405-201-6820-78f9-4401-db7a-29c5-21b8.ngrok-free.app","timestamp":"2025-01-28 08:49:46"}
{"level":"warn","message":"Blocked request from unauthorized origin: https://1d84-2405-201-6820-78f9-4401-db7a-29c5-21b8.ngrok-free.app","timestamp":"2025-01-28 08:49:46"}
{"level":"info","message":"OPTIONS /api/v1/auth/login-with-password 403 7.861 ms - 43","timestamp":"2025-01-28 08:49:46"}
{"level":"warn","message":"Origin not allowed: https://1d84-2405-201-6820-78f9-4401-db7a-29c5-21b8.ngrok-free.app","timestamp":"2025-01-28 08:50:30"}
{"level":"warn","message":"Blocked request from unauthorized origin: https://1d84-2405-201-6820-78f9-4401-db7a-29c5-21b8.ngrok-free.app","timestamp":"2025-01-28 08:50:30"}
{"level":"info","message":"OPTIONS /api/v1/auth/login-with-password 403 1.919 ms - 43","timestamp":"2025-01-28 08:50:30"}
{"level":"\u001b[32minfo\u001b[39m","message":"Ngrok tunnels started successfully!","timestamp":"2025-01-28 08:50:51"}
{"level":"\u001b[32minfo\u001b[39m","message":"Ngrok URL: https://db31-49-36-219-240.ngrok-free.app","timestamp":"2025-01-28 08:50:51"}
{"level":"info","message":"Database connection successful","timestamp":"2025-01-28 08:50:51"}
{"level":"info","message":"Server is running on port 5000","timestamp":"2025-01-28 08:50:51"}
{"level":"info","message":"Initial origins update completed","timestamp":"2025-01-28 08:50:51"}
{"level":"info","message":"OPTIONS /api/v1/auth/login-with-password 200 1.810 ms - -","timestamp":"2025-01-28 08:51:25"}
{"level":"info","message":"POST /api/v1/auth/login-with-password 200 363.069 ms - 498","timestamp":"2025-01-28 08:51:27"}
{"level":"info","message":"OPTIONS /api/v1/permission 200 0.233 ms - -","timestamp":"2025-01-28 08:51:27"}
{"level":"info","message":"OPTIONS /api/v1/notifications 200 0.234 ms - -","timestamp":"2025-01-28 08:51:27"}
{"level":"info","message":"OPTIONS /api/v1/dashboard 200 0.182 ms - -","timestamp":"2025-01-28 08:51:27"}
{"level":"info","message":"OPTIONS /api/v1/auth/login-with-password 200 0.223 ms - -","timestamp":"2025-01-28 08:52:22"}
{"level":"info","message":"POST /api/v1/auth/login-with-password 200 229.074 ms - 498","timestamp":"2025-01-28 08:52:22"}
{"level":"info","message":"OPTIONS /api/v1/notifications 200 0.292 ms - -","timestamp":"2025-01-28 08:52:23"}
{"level":"info","message":"OPTIONS /api/v1/permission 200 0.213 ms - -","timestamp":"2025-01-28 08:52:23"}
{"level":"info","message":"OPTIONS /api/v1/dashboard 200 0.256 ms - -","timestamp":"2025-01-28 08:52:23"}
{"level":"info","message":"OPTIONS /api/v1/auth/login-with-password 200 0.199 ms - -","timestamp":"2025-01-28 08:53:17"}
{"level":"info","message":"POST /api/v1/auth/login-with-password 200 225.099 ms - 498","timestamp":"2025-01-28 08:53:18"}
{"level":"info","message":"OPTIONS /api/v1/notifications 200 0.206 ms - -","timestamp":"2025-01-28 08:53:19"}
{"level":"info","message":"OPTIONS /api/v1/permission 200 0.211 ms - -","timestamp":"2025-01-28 08:53:19"}
{"level":"info","message":"OPTIONS /api/v1/dashboard 200 0.301 ms - -","timestamp":"2025-01-28 08:53:19"}
{"level":"info","message":"OPTIONS /api/v1/auth/login-with-password 200 0.233 ms - -","timestamp":"2025-01-28 08:54:36"}
{"level":"info","message":"POST /api/v1/auth/login-with-password 200 240.255 ms - 925","timestamp":"2025-01-28 08:54:36"}
{"level":"info","message":"OPTIONS /api/v1/dashboard 200 0.243 ms - -","timestamp":"2025-01-28 08:54:37"}
{"level":"info","message":"OPTIONS /api/v1/notifications 200 0.277 ms - -","timestamp":"2025-01-28 08:54:37"}
{"level":"info","message":"OPTIONS /api/v1/permission 200 0.221 ms - -","timestamp":"2025-01-28 08:54:37"}
{"level":"info","message":"Running expired signups check cron job","timestamp":"2025-01-28 09:00:00"}
{"level":"info","message":"Processed 0 expired signups","timestamp":"2025-01-28 09:00:00"}
{"level":"\u001b[32minfo\u001b[39m","message":"Ngrok tunnels started successfully!","timestamp":"2025-01-28 09:27:39"}
{"level":"\u001b[32minfo\u001b[39m","message":"Ngrok URL: https://38a0-49-36-219-240.ngrok-free.app","timestamp":"2025-01-28 09:27:39"}
{"level":"info","message":"Database connection successful","timestamp":"2025-01-28 09:27:39"}
{"level":"info","message":"Server is running on port 5000","timestamp":"2025-01-28 09:27:39"}
{"level":"info","message":"Initial origins update completed","timestamp":"2025-01-28 09:27:39"}
{"level":"info","message":"OPTIONS /api/v1/permission 200 1.284 ms - -","timestamp":"2025-01-28 09:27:58"}
{"level":"info","message":"GET /api/v1/permission 304 37.072 ms - -","timestamp":"2025-01-28 09:27:58"}
{"level":"info","message":"OPTIONS /api/v1/notifications 200 0.203 ms - -","timestamp":"2025-01-28 09:27:58"}
{"level":"info","message":"OPTIONS /api/v1/dashboard 200 0.162 ms - -","timestamp":"2025-01-28 09:27:58"}
{"level":"info","message":"GET /api/v1/notifications 304 12.657 ms - -","timestamp":"2025-01-28 09:27:58"}
{"level":"info","message":"GET /api/v1/dashboard 304 39.124 ms - -","timestamp":"2025-01-28 09:27:58"}
{"level":"info","message":"OPTIONS /api/v1/batch/options 200 0.237 ms - -","timestamp":"2025-01-28 09:28:14"}
{"level":"info","message":"OPTIONS /api/v1/superadmin/all-academies?page=1&limit=10&query= 200 0.325 ms - -","timestamp":"2025-01-28 09:28:14"}
{"level":"info","message":"OPTIONS /api/v1/user/all-users?page=1&limit=10&query=&roles= 200 0.313 ms - -","timestamp":"2025-01-28 09:28:14"}
{"level":"info","message":"GET /api/v1/batch/options 200 58.201 ms - 3451","timestamp":"2025-01-28 09:28:14"}
{"level":"info","message":"GET /api/v1/superadmin/all-academies?page=1&limit=10&query= 200 54.691 ms - 400","timestamp":"2025-01-28 09:28:14"}
{"level":"info","message":"GET /api/v1/user/all-users?page=1&limit=10&query=&roles= 200 55.245 ms - 3403","timestamp":"2025-01-28 09:28:14"}
{"level":"info","message":"OPTIONS /api/v1/superadmin/all-academies?page=1&limit=10&query= 200 0.252 ms - -","timestamp":"2025-01-28 09:28:30"}
{"level":"info","message":"GET /api/v1/superadmin/all-academies?page=1&limit=10&query= 304 30.126 ms - -","timestamp":"2025-01-28 09:28:30"}
{"level":"info","message":"OPTIONS /api/v1/permission 200 0.330 ms - -","timestamp":"2025-01-28 09:28:40"}
{"level":"info","message":"GET /api/v1/permission 304 17.501 ms - -","timestamp":"2025-01-28 09:28:40"}
{"level":"info","message":"OPTIONS /api/v1/notifications 200 0.269 ms - -","timestamp":"2025-01-28 09:28:41"}
{"level":"info","message":"OPTIONS /api/v1/dashboard 200 0.284 ms - -","timestamp":"2025-01-28 09:28:41"}
{"level":"info","message":"GET /api/v1/notifications 304 14.108 ms - -","timestamp":"2025-01-28 09:28:41"}
{"level":"info","message":"GET /api/v1/dashboard 304 41.583 ms - -","timestamp":"2025-01-28 09:28:41"}
{"level":"info","message":"OPTIONS /api/v1/coach-signup?page=1&limit=10&search= 200 0.223 ms - -","timestamp":"2025-01-28 09:28:52"}
{"level":"info","message":"GET /api/v1/coach-signup?page=1&limit=10&search= 304 32.833 ms - -","timestamp":"2025-01-28 09:28:52"}
{"level":"info","message":"OPTIONS /api/v1/batch/options 200 0.305 ms - -","timestamp":"2025-01-28 09:28:53"}
{"level":"info","message":"GET /api/v1/batch/options 200 34.146 ms - 3451","timestamp":"2025-01-28 09:28:54"}
{"level":"info","message":"OPTIONS /api/v1/coach-signup 200 0.222 ms - -","timestamp":"2025-01-28 09:29:42"}
{"level":"info","message":"POST /api/v1/coach-signup 201 4915.053 ms - 996","timestamp":"2025-01-28 09:29:47"}
{"level":"info","message":"OPTIONS /api/v1/permission 200 0.216 ms - -","timestamp":"2025-01-28 09:30:31"}
{"level":"info","message":"GET /api/v1/permission 304 17.803 ms - -","timestamp":"2025-01-28 09:30:31"}
{"level":"info","message":"OPTIONS /api/v1/admins/verify-otp 200 0.196 ms - -","timestamp":"2025-01-28 09:30:47"}
{"level":"error","statusCode":400,"timestamp":"2025-01-28 09:30:47"}
{"level":"info","message":"POST /api/v1/admins/verify-otp 400 14.300 ms - 359","timestamp":"2025-01-28 09:30:47"}
{"level":"error","statusCode":400,"timestamp":"2025-01-28 09:30:48"}
{"level":"info","message":"POST /api/v1/admins/verify-otp 400 5.144 ms - 359","timestamp":"2025-01-28 09:30:48"}
{"level":"error","statusCode":400,"timestamp":"2025-01-28 09:30:49"}
{"level":"info","message":"POST /api/v1/admins/verify-otp 400 4.801 ms - 359","timestamp":"2025-01-28 09:30:49"}
{"level":"info","message":"OPTIONS /api/v1/coach-signup?page=1&limit=10&search= 200 0.191 ms - -","timestamp":"2025-01-28 09:31:02"}
{"level":"info","message":"GET /api/v1/coach-signup?page=1&limit=10&search= 200 25.915 ms - 8126","timestamp":"2025-01-28 09:31:02"}
{"level":"info","message":"OPTIONS /api/v1/notifications 200 0.165 ms - -","timestamp":"2025-01-28 09:31:06"}
{"level":"info","message":"OPTIONS /api/v1/permission 200 0.231 ms - -","timestamp":"2025-01-28 09:31:06"}
{"level":"info","message":"GET /api/v1/notifications 304 16.423 ms - -","timestamp":"2025-01-28 09:31:06"}
{"level":"info","message":"GET /api/v1/coach-signup?page=1&limit=10&search= 304 36.256 ms - -","timestamp":"2025-01-28 09:31:06"}
{"level":"info","message":"GET /api/v1/permission 304 24.712 ms - -","timestamp":"2025-01-28 09:31:06"}
{"level":"info","message":"OPTIONS /api/v1/batch/options 200 0.231 ms - -","timestamp":"2025-01-28 09:31:07"}
{"level":"info","message":"GET /api/v1/batch/options 304 30.432 ms - -","timestamp":"2025-01-28 09:31:07"}
{"level":"info","message":"OPTIONS /api/v1/coach-signup 200 0.185 ms - -","timestamp":"2025-01-28 09:31:58"}
{"level":"info","message":"POST /api/v1/coach-signup 201 3829.213 ms - 990","timestamp":"2025-01-28 09:32:02"}
{"level":"info","message":"OPTIONS /api/v1/coach-signup/verify-otp 200 0.198 ms - -","timestamp":"2025-01-28 09:32:16"}
{"level":"info","message":"POST /api/v1/coach-signup/verify-otp 200 38.496 ms - 997","timestamp":"2025-01-28 09:32:16"}
{"level":"info","message":"OPTIONS /api/v1/coach-signup/verify-otp 200 0.182 ms - -","timestamp":"2025-01-28 09:32:28"}
{"clientVersion":"5.20.0","level":"error","name":"PrismaClientValidationError","timestamp":"2025-01-28 09:32:28"}
{"level":"info","message":"POST /api/v1/coach-signup/verify-otp 500 26.093 ms - 4705","timestamp":"2025-01-28 09:32:28"}
{"level":"info","message":"OPTIONS /api/v1/coach-signup/verify-otp 200 0.204 ms - -","timestamp":"2025-01-28 09:32:33"}
{"clientVersion":"5.20.0","level":"error","name":"PrismaClientValidationError","timestamp":"2025-01-28 09:32:33"}
{"level":"info","message":"POST /api/v1/coach-signup/verify-otp 500 7.891 ms - 4705","timestamp":"2025-01-28 09:32:33"}
{"clientVersion":"5.20.0","level":"error","name":"PrismaClientValidationError","timestamp":"2025-01-28 09:32:34"}
{"level":"info","message":"POST /api/v1/coach-signup/verify-otp 500 6.730 ms - 4705","timestamp":"2025-01-28 09:32:34"}
{"clientVersion":"5.20.0","level":"error","name":"PrismaClientValidationError","timestamp":"2025-01-28 09:32:34"}
{"level":"info","message":"POST /api/v1/coach-signup/verify-otp 500 6.592 ms - 4705","timestamp":"2025-01-28 09:32:34"}
{"clientVersion":"5.20.0","level":"error","name":"PrismaClientValidationError","timestamp":"2025-01-28 09:32:34"}
{"level":"info","message":"POST /api/v1/coach-signup/verify-otp 500 6.730 ms - 4705","timestamp":"2025-01-28 09:32:34"}
{"clientVersion":"5.20.0","level":"error","name":"PrismaClientValidationError","timestamp":"2025-01-28 09:32:34"}
{"level":"info","message":"POST /api/v1/coach-signup/verify-otp 500 6.429 ms - 4705","timestamp":"2025-01-28 09:32:34"}
{"clientVersion":"5.20.0","level":"error","name":"PrismaClientValidationError","timestamp":"2025-01-28 09:32:34"}
{"level":"info","message":"POST /api/v1/coach-signup/verify-otp 500 8.354 ms - 4705","timestamp":"2025-01-28 09:32:34"}
{"clientVersion":"5.20.0","level":"error","name":"PrismaClientValidationError","timestamp":"2025-01-28 09:32:34"}
{"level":"info","message":"POST /api/v1/coach-signup/verify-otp 500 6.889 ms - 4705","timestamp":"2025-01-28 09:32:34"}
{"clientVersion":"5.20.0","level":"error","name":"PrismaClientValidationError","timestamp":"2025-01-28 09:32:35"}
{"level":"info","message":"POST /api/v1/coach-signup/verify-otp 500 8.809 ms - 4705","timestamp":"2025-01-28 09:32:35"}
{"clientVersion":"5.20.0","level":"error","name":"PrismaClientValidationError","timestamp":"2025-01-28 09:32:35"}
{"level":"info","message":"POST /api/v1/coach-signup/verify-otp 500 8.279 ms - 4705","timestamp":"2025-01-28 09:32:35"}
{"clientVersion":"5.20.0","level":"error","name":"PrismaClientValidationError","timestamp":"2025-01-28 09:32:35"}
{"level":"info","message":"POST /api/v1/coach-signup/verify-otp 500 8.449 ms - 4705","timestamp":"2025-01-28 09:32:35"}
{"clientVersion":"5.20.0","level":"error","name":"PrismaClientValidationError","timestamp":"2025-01-28 09:32:35"}
{"level":"info","message":"POST /api/v1/coach-signup/verify-otp 500 5.048 ms - 4705","timestamp":"2025-01-28 09:32:35"}
{"level":"info","message":"OPTIONS /api/v1/coach-signup/verify-otp 200 0.198 ms - -","timestamp":"2025-01-28 09:34:07"}
{"level":"error","statusCode":400,"timestamp":"2025-01-28 09:34:07"}
{"level":"info","message":"POST /api/v1/coach-signup/verify-otp 400 11.177 ms - 364","timestamp":"2025-01-28 09:34:07"}
{"level":"info","message":"OPTIONS /api/v1/coach-signup 200 0.179 ms - -","timestamp":"2025-01-28 09:34:15"}
{"level":"error","statusCode":400,"timestamp":"2025-01-28 09:34:15"}
{"level":"info","message":"POST /api/v1/coach-signup 400 28.536 ms - 410","timestamp":"2025-01-28 09:34:15"}
{"level":"info","message":"OPTIONS /api/v1/coach-signup 200 0.205 ms - -","timestamp":"2025-01-28 09:34:22"}
{"level":"info","message":"POST /api/v1/coach-signup 201 3919.851 ms - 991","timestamp":"2025-01-28 09:34:26"}
{"level":"info","message":"OPTIONS /api/v1/coach-signup/verify-otp 200 0.167 ms - -","timestamp":"2025-01-28 09:34:50"}
{"level":"info","message":"POST /api/v1/coach-signup/verify-otp 200 25.880 ms - 998","timestamp":"2025-01-28 09:34:50"}
{"level":"info","message":"OPTIONS /api/v1/coach-signup/verify-otp 200 0.255 ms - -","timestamp":"2025-01-28 09:34:58"}
{"clientVersion":"5.20.0","level":"error","name":"PrismaClientValidationError","timestamp":"2025-01-28 09:34:58"}
{"level":"info","message":"POST /api/v1/coach-signup/verify-otp 500 7.129 ms - 4705","timestamp":"2025-01-28 09:34:58"}
{"level":"info","message":"OPTIONS /api/v1/coach-signup/verify-otp 200 0.185 ms - -","timestamp":"2025-01-28 09:35:40"}
{"level":"error","statusCode":400,"timestamp":"2025-01-28 09:35:40"}
{"level":"info","message":"POST /api/v1/coach-signup/verify-otp 400 10.566 ms - 364","timestamp":"2025-01-28 09:35:40"}
{"level":"info","message":"OPTIONS /api/v1/coach-signup 200 0.183 ms - -","timestamp":"2025-01-28 09:35:48"}
{"level":"info","message":"POST /api/v1/coach-signup 201 4601.731 ms - 992","timestamp":"2025-01-28 09:35:53"}
{"level":"info","message":"OPTIONS /api/v1/coach-signup/verify-otp 200 0.228 ms - -","timestamp":"2025-01-28 09:36:43"}
{"level":"error","statusCode":400,"timestamp":"2025-01-28 09:36:43"}
{"level":"info","message":"POST /api/v1/coach-signup/verify-otp 400 12.164 ms - 364","timestamp":"2025-01-28 09:36:43"}
{"level":"info","message":"OPTIONS /api/v1/coach-signup/verify-otp 200 0.337 ms - -","timestamp":"2025-01-28 09:37:07"}
{"level":"info","message":"POST /api/v1/coach-signup/verify-otp 200 30.977 ms - 999","timestamp":"2025-01-28 09:37:07"}
{"level":"info","message":"OPTIONS /api/v1/coach-signup/fa9767f4-edb0-45e3-822b-33c6ddc15848 200 0.195 ms - -","timestamp":"2025-01-28 09:37:11"}
{"level":"info","message":"PUT /api/v1/coach-signup/fa9767f4-edb0-45e3-822b-33c6ddc15848 200 30.358 ms - 1358","timestamp":"2025-01-28 09:37:11"}
{"level":"info","message":"OPTIONS /api/v1/coach-signup/fa9767f4-edb0-45e3-822b-33c6ddc15848 200 0.158 ms - -","timestamp":"2025-01-28 09:37:17"}
{"level":"info","message":"PUT /api/v1/coach-signup/fa9767f4-edb0-45e3-822b-33c6ddc15848 200 25.382 ms - 1358","timestamp":"2025-01-28 09:37:17"}
{"level":"info","message":"OPTIONS /api/v1/coach-signup/fa9767f4-edb0-45e3-822b-33c6ddc15848/complete 200 0.171 ms - -","timestamp":"2025-01-28 09:37:39"}
{"level":"error","statusCode":400,"timestamp":"2025-01-28 09:37:39"}
{"level":"info","message":"POST /api/v1/coach-signup/fa9767f4-edb0-45e3-822b-33c6ddc15848/complete 400 3.992 ms - 1347","timestamp":"2025-01-28 09:37:39"}
{"level":"info","message":"Database connection successful","timestamp":"2025-01-28 09:38:11"}
{"level":"info","message":"Server is running on port 5000","timestamp":"2025-01-28 09:38:11"}
{"level":"info","message":"Initial origins update completed","timestamp":"2025-01-28 09:38:11"}
{"level":"info","message":"Database connection successful","timestamp":"2025-01-28 09:38:20"}
{"level":"info","message":"Server is running on port 5000","timestamp":"2025-01-28 09:38:20"}
{"level":"info","message":"Initial origins update completed","timestamp":"2025-01-28 09:38:20"}
{"level":"info","message":"Database connection successful","timestamp":"2025-01-28 09:38:24"}
{"level":"info","message":"Server is running on port 5000","timestamp":"2025-01-28 09:38:24"}
{"level":"info","message":"Initial origins update completed","timestamp":"2025-01-28 09:38:24"}
{"level":"info","message":"Database connection successful","timestamp":"2025-01-28 09:38:40"}
{"level":"info","message":"Server is running on port 5000","timestamp":"2025-01-28 09:38:40"}
{"level":"info","message":"Initial origins update completed","timestamp":"2025-01-28 09:38:40"}
{"level":"info","message":"Database connection successful","timestamp":"2025-01-28 09:38:49"}
{"level":"info","message":"Server is running on port 5000","timestamp":"2025-01-28 09:38:49"}
{"level":"info","message":"Initial origins update completed","timestamp":"2025-01-28 09:38:49"}
{"level":"info","message":"Database connection successful","timestamp":"2025-01-28 09:40:05"}
{"level":"info","message":"Server is running on port 5000","timestamp":"2025-01-28 09:40:05"}
{"level":"info","message":"Initial origins update completed","timestamp":"2025-01-28 09:40:05"}
{"level":"info","message":"Database connection successful","timestamp":"2025-01-28 09:40:13"}
{"level":"info","message":"Server is running on port 5000","timestamp":"2025-01-28 09:40:13"}
{"level":"info","message":"Initial origins update completed","timestamp":"2025-01-28 09:40:13"}
{"level":"info","message":"Database connection successful","timestamp":"2025-01-28 09:40:18"}
{"level":"info","message":"Server is running on port 5000","timestamp":"2025-01-28 09:40:18"}
{"level":"info","message":"Initial origins update completed","timestamp":"2025-01-28 09:40:18"}
{"level":"info","message":"Database connection successful","timestamp":"2025-01-28 09:40:27"}
{"level":"info","message":"Server is running on port 5000","timestamp":"2025-01-28 09:40:27"}
{"level":"info","message":"Initial origins update completed","timestamp":"2025-01-28 09:40:27"}
{"level":"info","message":"OPTIONS /api/v1/coach-signup?page=1&limit=10&search= 200 1.451 ms - -","timestamp":"2025-01-28 09:40:43"}
{"level":"info","message":"GET /api/v1/coach-signup?page=1&limit=10&search= 200 49.143 ms - 12236","timestamp":"2025-01-28 09:40:43"}
{"level":"\u001b[32minfo\u001b[39m","message":"Roles seeded successfully","timestamp":"2025-01-28 09:41:15"}
{"level":"\u001b[32minfo\u001b[39m","message":"Permissions seeded successfully","timestamp":"2025-01-28 09:41:15"}
{"level":"\u001b[32minfo\u001b[39m","message":"Assigned permission \"VIEW /dashboard\" to role \"SUPER_ADMIN\".","timestamp":"2025-01-28 09:41:15"}
{"level":"\u001b[32minfo\u001b[39m","message":"Assigned permission \"VIEW /dashboard/academies\" to role \"SUPER_ADMIN\".","timestamp":"2025-01-28 09:41:15"}
{"level":"\u001b[32minfo\u001b[39m","message":"Assigned permission \"ADD /dashboard/academies\" to role \"SUPER_ADMIN\".","timestamp":"2025-01-28 09:41:15"}
{"level":"\u001b[32minfo\u001b[39m","message":"Assigned permission \"UPDATE /dashboard/academies\" to role \"SUPER_ADMIN\".","timestamp":"2025-01-28 09:41:15"}
{"level":"\u001b[32minfo\u001b[39m","message":"Assigned permission \"DELETE /dashboard/academies\" to role \"SUPER_ADMIN\".","timestamp":"2025-01-28 09:41:15"}
{"level":"\u001b[32minfo\u001b[39m","message":"Assigned permission \"VIEW /dashboard/invitations\" to role \"SUPER_ADMIN\".","timestamp":"2025-01-28 09:41:15"}
{"level":"\u001b[32minfo\u001b[39m","message":"Assigned permission \"VIEW /dashboard/permissions\" to role \"SUPER_ADMIN\".","timestamp":"2025-01-28 09:41:15"}
{"level":"\u001b[32minfo\u001b[39m","message":"Assigned permission \"UPDATE /dashboard/permissions\" to role \"SUPER_ADMIN\".","timestamp":"2025-01-28 09:41:15"}
{"level":"\u001b[32minfo\u001b[39m","message":"Assigned permission \"VIEW /dashboard/system-code\" to role \"SUPER_ADMIN\".","timestamp":"2025-01-28 09:41:15"}
{"level":"\u001b[32minfo\u001b[39m","message":"Assigned permission \"ADD /dashboard/system-code\" to role \"SUPER_ADMIN\".","timestamp":"2025-01-28 09:41:15"}
{"level":"\u001b[32minfo\u001b[39m","message":"Assigned permission \"VIEW /dashboard/plans\" to role \"SUPER_ADMIN\".","timestamp":"2025-01-28 09:41:16"}
{"level":"\u001b[32minfo\u001b[39m","message":"Assigned permission \"ADD /dashboard/plans\" to role \"SUPER_ADMIN\".","timestamp":"2025-01-28 09:41:16"}
{"level":"\u001b[32minfo\u001b[39m","message":"Assigned permission \"UPDATE /dashboard/plans\" to role \"SUPER_ADMIN\".","timestamp":"2025-01-28 09:41:16"}
{"level":"\u001b[32minfo\u001b[39m","message":"Assigned permission \"DELETE /dashboard/plans\" to role \"SUPER_ADMIN\".","timestamp":"2025-01-28 09:41:16"}
{"level":"\u001b[32minfo\u001b[39m","message":"Assigned permission \"VIEW /dashboard/settings\" to role \"SUPER_ADMIN\".","timestamp":"2025-01-28 09:41:16"}
{"level":"\u001b[32minfo\u001b[39m","message":"Assigned permission \"VIEW /dashboard/settings/profile\" to role \"SUPER_ADMIN\".","timestamp":"2025-01-28 09:41:16"}
{"level":"\u001b[32minfo\u001b[39m","message":"Assigned permission \"UPDATE /dashboard/settings/profile\" to role \"SUPER_ADMIN\".","timestamp":"2025-01-28 09:41:16"}
{"level":"\u001b[32minfo\u001b[39m","message":"Assigned permission \"VIEW /dashboard/platform-users\" to role \"SUPER_ADMIN\".","timestamp":"2025-01-28 09:41:16"}
{"level":"\u001b[32minfo\u001b[39m","message":"Assigned permission \"ADD /dashboard/platform-users\" to role \"SUPER_ADMIN\".","timestamp":"2025-01-28 09:41:16"}
{"level":"\u001b[32minfo\u001b[39m","message":"Assigned permission \"UPDATE /dashboard/platform-users\" to role \"SUPER_ADMIN\".","timestamp":"2025-01-28 09:41:16"}
{"level":"\u001b[32minfo\u001b[39m","message":"Assigned permission \"DELETE /dashboard/platform-users\" to role \"SUPER_ADMIN\".","timestamp":"2025-01-28 09:41:16"}
{"level":"\u001b[32minfo\u001b[39m","message":"SUPER_ADMIN permissions assigned successfully.","timestamp":"2025-01-28 09:41:16"}
{"level":"\u001b[32minfo\u001b[39m","message":"Assigned permission \"VIEW /dashboard\" to role \"ADMIN\".","timestamp":"2025-01-28 09:41:16"}
{"level":"\u001b[32minfo\u001b[39m","message":"Assigned permission \"VIEW /dashboard/batches\" to role \"ADMIN\".","timestamp":"2025-01-28 09:41:16"}
{"level":"\u001b[32minfo\u001b[39m","message":"Assigned permission \"ADD /dashboard/batches\" to role \"ADMIN\".","timestamp":"2025-01-28 09:41:16"}
{"level":"\u001b[32minfo\u001b[39m","message":"Assigned permission \"UPDATE /dashboard/batches\" to role \"ADMIN\".","timestamp":"2025-01-28 09:41:16"}
{"level":"\u001b[32minfo\u001b[39m","message":"Assigned permission \"DELETE /dashboard/batches\" to role \"ADMIN\".","timestamp":"2025-01-28 09:41:16"}
{"level":"\u001b[32minfo\u001b[39m","message":"Assigned permission \"VIEW /dashboard/users\" to role \"ADMIN\".","timestamp":"2025-01-28 09:41:16"}
{"level":"\u001b[33mwarn\u001b[39m","message":"Permission \"ADD /dashboard/users\" not found. Skipping assignment to role \"ADMIN\".","timestamp":"2025-01-28 09:41:16"}
{"level":"\u001b[33mwarn\u001b[39m","message":"Permission \"UPDATE /dashboard/users\" not found. Skipping assignment to role \"ADMIN\".","timestamp":"2025-01-28 09:41:16"}
{"level":"\u001b[33mwarn\u001b[39m","message":"Permission \"DELETE /dashboard/users\" not found. Skipping assignment to role \"ADMIN\".","timestamp":"2025-01-28 09:41:16"}
{"level":"\u001b[32minfo\u001b[39m","message":"Assigned permission \"VIEW /dashboard/calendar\" to role \"ADMIN\".","timestamp":"2025-01-28 09:41:16"}
{"level":"\u001b[32minfo\u001b[39m","message":"Assigned permission \"ADD /dashboard/calendar\" to role \"ADMIN\".","timestamp":"2025-01-28 09:41:16"}
{"level":"\u001b[32minfo\u001b[39m","message":"Assigned permission \"UPDATE /dashboard/calendar\" to role \"ADMIN\".","timestamp":"2025-01-28 09:41:16"}
{"level":"\u001b[32minfo\u001b[39m","message":"Assigned permission \"DELETE /dashboard/calendar\" to role \"ADMIN\".","timestamp":"2025-01-28 09:41:16"}
{"level":"\u001b[32minfo\u001b[39m","message":"Assigned permission \"VIEW /dashboard/communication\" to role \"ADMIN\".","timestamp":"2025-01-28 09:41:16"}
{"level":"\u001b[32minfo\u001b[39m","message":"Assigned permission \"ADD /dashboard/communication\" to role \"ADMIN\".","timestamp":"2025-01-28 09:41:16"}
{"level":"\u001b[32minfo\u001b[39m","message":"Assigned permission \"UPDATE /dashboard/communication\" to role \"ADMIN\".","timestamp":"2025-01-28 09:41:16"}
{"level":"\u001b[32minfo\u001b[39m","message":"Assigned permission \"DELETE /dashboard/communication\" to role \"ADMIN\".","timestamp":"2025-01-28 09:41:16"}
{"level":"\u001b[32minfo\u001b[39m","message":"Assigned permission \"VIEW /dashboard/goals\" to role \"ADMIN\".","timestamp":"2025-01-28 09:41:16"}
{"level":"\u001b[32minfo\u001b[39m","message":"Assigned permission \"VIEW /dashboard/goals/seasonal\" to role \"ADMIN\".","timestamp":"2025-01-28 09:41:16"}
{"level":"\u001b[32minfo\u001b[39m","message":"Assigned permission \"ADD /dashboard/goals/seasonal\" to role \"ADMIN\".","timestamp":"2025-01-28 09:41:16"}
{"level":"\u001b[32minfo\u001b[39m","message":"Assigned permission \"VIEW /dashboard/goals/monthly\" to role \"ADMIN\".","timestamp":"2025-01-28 09:41:16"}
{"level":"\u001b[32minfo\u001b[39m","message":"Assigned permission \"ADD /dashboard/goals/monthly\" to role \"ADMIN\".","timestamp":"2025-01-28 09:41:16"}
{"level":"\u001b[32minfo\u001b[39m","message":"Assigned permission \"VIEW /dashboard/goals/weekly\" to role \"ADMIN\".","timestamp":"2025-01-28 09:41:16"}
{"level":"\u001b[32minfo\u001b[39m","message":"Assigned permission \"ADD /dashboard/goals/weekly\" to role \"ADMIN\".","timestamp":"2025-01-28 09:41:16"}
{"level":"\u001b[32minfo\u001b[39m","message":"Assigned permission \"VIEW /dashboard/goals/assign-weekly\" to role \"ADMIN\".","timestamp":"2025-01-28 09:41:16"}
{"level":"\u001b[32minfo\u001b[39m","message":"Assigned permission \"ADD /dashboard/goals/assign-weekly\" to role \"ADMIN\".","timestamp":"2025-01-28 09:41:16"}
{"level":"\u001b[32minfo\u001b[39m","message":"Assigned permission \"VIEW /dashboard/website\" to role \"ADMIN\".","timestamp":"2025-01-28 09:41:16"}
{"level":"\u001b[32minfo\u001b[39m","message":"Assigned permission \"UPDATE /dashboard/website\" to role \"ADMIN\".","timestamp":"2025-01-28 09:41:16"}
{"level":"\u001b[32minfo\u001b[39m","message":"Assigned permission \"VIEW /dashboard/programs\" to role \"ADMIN\".","timestamp":"2025-01-28 09:41:16"}
{"level":"\u001b[32minfo\u001b[39m","message":"Assigned permission \"ADD /dashboard/programs\" to role \"ADMIN\".","timestamp":"2025-01-28 09:41:16"}
{"level":"\u001b[32minfo\u001b[39m","message":"Assigned permission \"UPDATE /dashboard/programs\" to role \"ADMIN\".","timestamp":"2025-01-28 09:41:16"}
{"level":"\u001b[32minfo\u001b[39m","message":"Assigned permission \"DELETE /dashboard/programs\" to role \"ADMIN\".","timestamp":"2025-01-28 09:41:16"}
{"level":"\u001b[32minfo\u001b[39m","message":"Assigned permission \"VIEW /dashboard/students/list\" to role \"ADMIN\".","timestamp":"2025-01-28 09:41:16"}
{"level":"\u001b[32minfo\u001b[39m","message":"Assigned permission \"VIEW /dashboard/students/signups\" to role \"ADMIN\".","timestamp":"2025-01-28 09:41:16"}
{"level":"\u001b[32minfo\u001b[39m","message":"Assigned permission \"ADD /dashboard/students/signups\" to role \"ADMIN\".","timestamp":"2025-01-28 09:41:16"}
{"level":"\u001b[32minfo\u001b[39m","message":"Assigned permission \"UPDATE /dashboard/students/signups\" to role \"ADMIN\".","timestamp":"2025-01-28 09:41:16"}
{"level":"\u001b[32minfo\u001b[39m","message":"Assigned permission \"DELETE /dashboard/students/signups\" to role \"ADMIN\".","timestamp":"2025-01-28 09:41:16"}
{"level":"\u001b[32minfo\u001b[39m","message":"Assigned permission \"VIEW /dashboard/reports\" to role \"ADMIN\".","timestamp":"2025-01-28 09:41:16"}
{"level":"\u001b[32minfo\u001b[39m","message":"Assigned permission \"VIEW /dashboard/reports/batches\" to role \"ADMIN\".","timestamp":"2025-01-28 09:41:16"}
{"level":"\u001b[32minfo\u001b[39m","message":"Assigned permission \"VIEW /dashboard/reports/enrollments\" to role \"ADMIN\".","timestamp":"2025-01-28 09:41:16"}
{"level":"\u001b[32minfo\u001b[39m","message":"Assigned permission \"VIEW /dashboard/reports/students\" to role \"ADMIN\".","timestamp":"2025-01-28 09:41:16"}
{"level":"\u001b[32minfo\u001b[39m","message":"Assigned permission \"VIEW /dashboard/reports/target-goals\" to role \"ADMIN\".","timestamp":"2025-01-28 09:41:16"}
{"level":"\u001b[32minfo\u001b[39m","message":"Assigned permission \"VIEW /dashboard/settings\" to role \"ADMIN\".","timestamp":"2025-01-28 09:41:16"}
{"level":"\u001b[33mwarn\u001b[39m","message":"Permission \"UPDATE /dashboard/settings\" not found. Skipping assignment to role \"ADMIN\".","timestamp":"2025-01-28 09:41:16"}
{"level":"\u001b[32minfo\u001b[39m","message":"Assigned permission \"VIEW /dashboard/settings/profile\" to role \"ADMIN\".","timestamp":"2025-01-28 09:41:16"}
{"level":"\u001b[32minfo\u001b[39m","message":"Assigned permission \"UPDATE /dashboard/settings/profile\" to role \"ADMIN\".","timestamp":"2025-01-28 09:41:16"}
{"level":"\u001b[32minfo\u001b[39m","message":"Assigned permission \"VIEW /dashboard/settings/admins\" to role \"ADMIN\".","timestamp":"2025-01-28 09:41:16"}
{"level":"\u001b[32minfo\u001b[39m","message":"Assigned permission \"UPDATE /dashboard/settings/admins\" to role \"ADMIN\".","timestamp":"2025-01-28 09:41:16"}
{"level":"\u001b[32minfo\u001b[39m","message":"Assigned permission \"VIEW /dashboard/settings/academy\" to role \"ADMIN\".","timestamp":"2025-01-28 09:41:16"}
{"level":"\u001b[32minfo\u001b[39m","message":"Assigned permission \"UPDATE /dashboard/settings/academy\" to role \"ADMIN\".","timestamp":"2025-01-28 09:41:16"}
{"level":"\u001b[32minfo\u001b[39m","message":"Assigned permission \"VIEW /dashboard/users/coaches\" to role \"ADMIN\".","timestamp":"2025-01-28 09:41:16"}
{"level":"\u001b[32minfo\u001b[39m","message":"Assigned permission \"VIEW /dashboard/users/coach-signups\" to role \"ADMIN\".","timestamp":"2025-01-28 09:41:16"}
{"level":"\u001b[32minfo\u001b[39m","message":"Assigned permission \"ADD /dashboard/users/coach-signups\" to role \"ADMIN\".","timestamp":"2025-01-28 09:41:16"}
{"level":"\u001b[32minfo\u001b[39m","message":"Assigned permission \"UPDATE /dashboard/users/coach-signups\" to role \"ADMIN\".","timestamp":"2025-01-28 09:41:16"}
{"level":"\u001b[32minfo\u001b[39m","message":"Assigned permission \"DELETE /dashboard/users/coach-signups\" to role \"ADMIN\".","timestamp":"2025-01-28 09:41:16"}
{"level":"\u001b[32minfo\u001b[39m","message":"Assigned permission \"VIEW /dashboard/users/students\" to role \"ADMIN\".","timestamp":"2025-01-28 09:41:16"}
{"level":"\u001b[32minfo\u001b[39m","message":"Assigned permission \"VIEW /dashboard/users/student-signups\" to role \"ADMIN\".","timestamp":"2025-01-28 09:41:16"}
{"level":"\u001b[32minfo\u001b[39m","message":"Assigned permission \"ADD /dashboard/users/student-signups\" to role \"ADMIN\".","timestamp":"2025-01-28 09:41:16"}
{"level":"\u001b[32minfo\u001b[39m","message":"Assigned permission \"UPDATE /dashboard/users/student-signups\" to role \"ADMIN\".","timestamp":"2025-01-28 09:41:16"}
{"level":"\u001b[32minfo\u001b[39m","message":"Assigned permission \"DELETE /dashboard/users/student-signups\" to role \"ADMIN\".","timestamp":"2025-01-28 09:41:16"}
{"level":"\u001b[32minfo\u001b[39m","message":"ADMIN permissions assigned successfully.","timestamp":"2025-01-28 09:41:16"}
{"level":"\u001b[32minfo\u001b[39m","message":"Assigned permission \"VIEW /dashboard/goals\" to role \"COACH\".","timestamp":"2025-01-28 09:41:16"}
{"level":"\u001b[33mwarn\u001b[39m","message":"Permission \"ADD /dashboard/goals\" not found. Skipping assignment to role \"COACH\".","timestamp":"2025-01-28 09:41:16"}
{"level":"\u001b[33mwarn\u001b[39m","message":"Permission \"UPDATE /dashboard/goals\" not found. Skipping assignment to role \"COACH\".","timestamp":"2025-01-28 09:41:16"}
{"level":"\u001b[33mwarn\u001b[39m","message":"Permission \"DELETE /dashboard/goals\" not found. Skipping assignment to role \"COACH\".","timestamp":"2025-01-28 09:41:16"}
{"level":"\u001b[32minfo\u001b[39m","message":"Assigned permission \"VIEW /dashboard/goals/seasonal\" to role \"COACH\".","timestamp":"2025-01-28 09:41:16"}
{"level":"\u001b[32minfo\u001b[39m","message":"Assigned permission \"ADD /dashboard/goals/seasonal\" to role \"COACH\".","timestamp":"2025-01-28 09:41:16"}
{"level":"\u001b[33mwarn\u001b[39m","message":"Permission \"UPDATE /dashboard/goals/seasonal\" not found. Skipping assignment to role \"COACH\".","timestamp":"2025-01-28 09:41:16"}
{"level":"\u001b[33mwarn\u001b[39m","message":"Permission \"DELETE /dashboard/goals/seasonal\" not found. Skipping assignment to role \"COACH\".","timestamp":"2025-01-28 09:41:16"}
{"level":"\u001b[32minfo\u001b[39m","message":"Assigned permission \"VIEW /dashboard/goals/monthly\" to role \"COACH\".","timestamp":"2025-01-28 09:41:16"}
{"level":"\u001b[32minfo\u001b[39m","message":"Assigned permission \"ADD /dashboard/goals/monthly\" to role \"COACH\".","timestamp":"2025-01-28 09:41:16"}
{"level":"\u001b[33mwarn\u001b[39m","message":"Permission \"UPDATE /dashboard/goals/monthly\" not found. Skipping assignment to role \"COACH\".","timestamp":"2025-01-28 09:41:16"}
{"level":"\u001b[33mwarn\u001b[39m","message":"Permission \"DELETE /dashboard/goals/monthly\" not found. Skipping assignment to role \"COACH\".","timestamp":"2025-01-28 09:41:16"}
{"level":"\u001b[32minfo\u001b[39m","message":"Assigned permission \"VIEW /dashboard/goals/weekly\" to role \"COACH\".","timestamp":"2025-01-28 09:41:16"}
{"level":"\u001b[32minfo\u001b[39m","message":"Assigned permission \"ADD /dashboard/goals/weekly\" to role \"COACH\".","timestamp":"2025-01-28 09:41:16"}
{"level":"\u001b[33mwarn\u001b[39m","message":"Permission \"UPDATE /dashboard/goals/weekly\" not found. Skipping assignment to role \"COACH\".","timestamp":"2025-01-28 09:41:16"}
{"level":"\u001b[33mwarn\u001b[39m","message":"Permission \"DELETE /dashboard/goals/weekly\" not found. Skipping assignment to role \"COACH\".","timestamp":"2025-01-28 09:41:16"}
{"level":"\u001b[32minfo\u001b[39m","message":"Assigned permission \"VIEW /dashboard/goals/assign-weekly\" to role \"COACH\".","timestamp":"2025-01-28 09:41:16"}
{"level":"\u001b[32minfo\u001b[39m","message":"Assigned permission \"ADD /dashboard/goals/assign-weekly\" to role \"COACH\".","timestamp":"2025-01-28 09:41:16"}
{"level":"\u001b[33mwarn\u001b[39m","message":"Permission \"UPDATE /dashboard/goals/assign-weekly\" not found. Skipping assignment to role \"COACH\".","timestamp":"2025-01-28 09:41:16"}
{"level":"\u001b[33mwarn\u001b[39m","message":"Permission \"DELETE /dashboard/goals/assign-weekly\" not found. Skipping assignment to role \"COACH\".","timestamp":"2025-01-28 09:41:16"}
{"level":"\u001b[32minfo\u001b[39m","message":"Assigned permission \"VIEW /dashboard/students\" to role \"COACH\".","timestamp":"2025-01-28 09:41:16"}
{"level":"\u001b[32minfo\u001b[39m","message":"Assigned permission \"VIEW /dashboard/students/list\" to role \"COACH\".","timestamp":"2025-01-28 09:41:16"}
{"level":"\u001b[32minfo\u001b[39m","message":"Assigned permission \"VIEW /dashboard/students/signups\" to role \"COACH\".","timestamp":"2025-01-28 09:41:16"}
{"level":"\u001b[32minfo\u001b[39m","message":"Assigned permission \"ADD /dashboard/students/signups\" to role \"COACH\".","timestamp":"2025-01-28 09:41:16"}
{"level":"\u001b[32minfo\u001b[39m","message":"Assigned permission \"UPDATE /dashboard/students/signups\" to role \"COACH\".","timestamp":"2025-01-28 09:41:16"}
{"level":"\u001b[32minfo\u001b[39m","message":"Assigned permission \"DELETE /dashboard/students/signups\" to role \"COACH\".","timestamp":"2025-01-28 09:41:16"}
{"level":"\u001b[32minfo\u001b[39m","message":"Assigned permission \"VIEW /dashboard/reports\" to role \"COACH\".","timestamp":"2025-01-28 09:41:16"}
{"level":"\u001b[32minfo\u001b[39m","message":"Assigned permission \"VIEW /dashboard/reports/batches\" to role \"COACH\".","timestamp":"2025-01-28 09:41:16"}
{"level":"\u001b[32minfo\u001b[39m","message":"Assigned permission \"VIEW /dashboard/reports/enrollments\" to role \"COACH\".","timestamp":"2025-01-28 09:41:16"}
{"level":"\u001b[32minfo\u001b[39m","message":"Assigned permission \"VIEW /dashboard/reports/students\" to role \"COACH\".","timestamp":"2025-01-28 09:41:16"}
{"level":"\u001b[32minfo\u001b[39m","message":"Assigned permission \"VIEW /dashboard/reports/target-goals\" to role \"COACH\".","timestamp":"2025-01-28 09:41:16"}
{"level":"\u001b[32minfo\u001b[39m","message":"Assigned permission \"VIEW /dashboard/settings/profile\" to role \"COACH\".","timestamp":"2025-01-28 09:41:16"}
{"level":"\u001b[32minfo\u001b[39m","message":"Assigned permission \"UPDATE /dashboard/settings/profile\" to role \"COACH\".","timestamp":"2025-01-28 09:41:16"}
{"level":"\u001b[32minfo\u001b[39m","message":"Assigned permission \"VIEW /dashboard/tasks\" to role \"COACH\".","timestamp":"2025-01-28 09:41:16"}
{"level":"\u001b[32minfo\u001b[39m","message":"Assigned permission \"VIEW /dashboard/tasks/quizzes\" to role \"COACH\".","timestamp":"2025-01-28 09:41:16"}
{"level":"\u001b[32minfo\u001b[39m","message":"Assigned permission \"ADD /dashboard/tasks/quizzes\" to role \"COACH\".","timestamp":"2025-01-28 09:41:16"}
{"level":"\u001b[32minfo\u001b[39m","message":"Assigned permission \"UPDATE /dashboard/tasks/quizzes\" to role \"COACH\".","timestamp":"2025-01-28 09:41:17"}
{"level":"\u001b[32minfo\u001b[39m","message":"Assigned permission \"DELETE /dashboard/tasks/quizzes\" to role \"COACH\".","timestamp":"2025-01-28 09:41:17"}
{"level":"\u001b[32minfo\u001b[39m","message":"Assigned permission \"VIEW /dashboard/calendar\" to role \"COACH\".","timestamp":"2025-01-28 09:41:17"}
{"level":"\u001b[32minfo\u001b[39m","message":"Assigned permission \"VIEW /dashboard/users\" to role \"COACH\".","timestamp":"2025-01-28 09:41:17"}
{"level":"\u001b[33mwarn\u001b[39m","message":"Permission \"ADD /dashboard/users\" not found. Skipping assignment to role \"COACH\".","timestamp":"2025-01-28 09:41:17"}
{"level":"\u001b[32minfo\u001b[39m","message":"Assigned permission \"VIEW /dashboard/users/students\" to role \"COACH\".","timestamp":"2025-01-28 09:41:17"}
{"level":"\u001b[32minfo\u001b[39m","message":"Assigned permission \"VIEW /dashboard/users/student-signups\" to role \"COACH\".","timestamp":"2025-01-28 09:41:17"}
{"level":"\u001b[32minfo\u001b[39m","message":"Assigned permission \"ADD /dashboard/users/student-signups\" to role \"COACH\".","timestamp":"2025-01-28 09:41:17"}
{"level":"\u001b[32minfo\u001b[39m","message":"Assigned permission \"UPDATE /dashboard/users/student-signups\" to role \"COACH\".","timestamp":"2025-01-28 09:41:17"}
{"level":"\u001b[32minfo\u001b[39m","message":"Assigned permission \"DELETE /dashboard/users/student-signups\" to role \"COACH\".","timestamp":"2025-01-28 09:41:17"}
{"level":"\u001b[32minfo\u001b[39m","message":"COACH permissions assigned successfully.","timestamp":"2025-01-28 09:41:17"}
{"level":"\u001b[32minfo\u001b[39m","message":"All role permissions assigned successfully.","timestamp":"2025-01-28 09:41:17"}
{"level":"\u001b[32minfo\u001b[39m","message":"System codes seeded successfully","timestamp":"2025-01-28 09:41:17"}
{"level":"\u001b[32minfo\u001b[39m","message":"Seeding process completed successfully.","timestamp":"2025-01-28 09:41:17"}
{"level":"\u001b[32minfo\u001b[39m","message":"Seed done ✅","timestamp":"2025-01-28 09:41:17"}
{"level":"\u001b[32minfo\u001b[39m","message":"Starting database automation process...","timestamp":"2025-01-28 09:40:53"}
{"level":"\u001b[32minfo\u001b[39m","message":"Starting: Resetting database","timestamp":"2025-01-28 09:40:53"}
{"level":"\u001b[32minfo\u001b[39m","message":"Completed: Resetting database","timestamp":"2025-01-28 09:41:06"}
{"level":"\u001b[32minfo\u001b[39m","message":"Starting: Generating Prisma Client","timestamp":"2025-01-28 09:41:06"}
{"level":"\u001b[32minfo\u001b[39m","message":"Completed: Generating Prisma Client","timestamp":"2025-01-28 09:41:11"}
{"level":"\u001b[32minfo\u001b[39m","message":"Starting: Pushing schema changes","timestamp":"2025-01-28 09:41:11"}
{"level":"\u001b[32minfo\u001b[39m","message":"Completed: Pushing schema changes","timestamp":"2025-01-28 09:41:14"}
{"level":"\u001b[32minfo\u001b[39m","message":"Starting: Seeding data","timestamp":"2025-01-28 09:41:14"}
{"level":"\u001b[32minfo\u001b[39m","message":"Completed: Seeding data","timestamp":"2025-01-28 09:41:17"}
{"level":"\u001b[32minfo\u001b[39m","message":"Database automation completed successfully! âœ¨","timestamp":"2025-01-28 09:41:17"}
{"level":"\u001b[32minfo\u001b[39m","message":"Superadmin created successfully","timestamp":"2025-01-28 09:47:28"}
{"level":"\u001b[32minfo\u001b[39m","message":"Default academy created successfully","timestamp":"2025-01-28 09:47:28"}
{"level":"\u001b[32minfo\u001b[39m","message":"Starting the seeding process","timestamp":"2025-01-28 09:49:24"}
{"level":"\u001b[32minfo\u001b[39m","message":"Password hashed successfully","timestamp":"2025-01-28 09:49:24"}
{"level":"\u001b[32minfo\u001b[39m","message":"Roles created successfully","timestamp":"2025-01-28 09:49:24"}
{"level":"\u001b[32minfo\u001b[39m","message":"Academy created: Chess In Chunks Academy","timestamp":"2025-01-28 09:49:24"}
{"level":"\u001b[32minfo\u001b[39m","message":"Admin created: admin@chessinchunks.com (CIC ID: CIC-ADMIN-001)","timestamp":"2025-01-28 09:49:24"}
{"level":"\u001b[32minfo\u001b[39m","message":"Coach created: head.coach@example.com (CIC ID: CIC-COACH-JM001, Role: HEAD_COACH)","timestamp":"2025-01-28 09:49:24"}
{"level":"\u001b[32minfo\u001b[39m","message":"Coach created: senior.coach@example.com (CIC ID: CIC-COACH-SE001, Role: SENIOR_COACH)","timestamp":"2025-01-28 09:49:24"}
{"level":"\u001b[32minfo\u001b[39m","message":"Batch created: BATCH-2024-01","timestamp":"2025-01-28 09:49:24"}
{"level":"\u001b[32minfo\u001b[39m","message":"Student created: kitten@example.com (CIC ID: CIC-STU-KP001, ChessComId: supercutekittenpuff)","timestamp":"2025-01-28 09:49:24"}
{"level":"\u001b[32minfo\u001b[39m","message":"Student created: sashwin@example.com (CIC ID: CIC-STU-SG001, ChessComId: SashwinG)","timestamp":"2025-01-28 09:49:24"}
{"level":"\u001b[32minfo\u001b[39m","message":"Student created: ranjhana@example.com (CIC ID: CIC-STU-RR001, ChessComId: Ranjhannaa)","timestamp":"2025-01-28 09:49:24"}
{"level":"\u001b[32minfo\u001b[39m","message":"Student created: nive@example.com (CIC ID: CIC-STU-NC001, ChessComId: nive_chitti)","timestamp":"2025-01-28 09:49:24"}
{"level":"\u001b[32minfo\u001b[39m","message":"Student created: rishaan@example.com (CIC ID: CIC-STU-RJ001, ChessComId: Rishaan-RJ)","timestamp":"2025-01-28 09:49:25"}
{"level":"\u001b[32minfo\u001b[39m","message":"\n=== Final Batch Status ===","timestamp":"2025-01-28 09:49:25"}
{"level":"\u001b[32minfo\u001b[39m","message":"Batch Code: BATCH-2024-01","timestamp":"2025-01-28 09:49:25"}
{"level":"\u001b[32minfo\u001b[39m","message":"Number of coaches: 2","timestamp":"2025-01-28 09:49:25"}
{"level":"\u001b[32minfo\u001b[39m","message":"Number of students: 5","timestamp":"2025-01-28 09:49:25"}
{"level":"\u001b[32minfo\u001b[39m","message":"\n=== Summary of Created Users and Their CIC IDs ===","timestamp":"2025-01-28 09:49:25"}
{"level":"\u001b[32minfo\u001b[39m","message":"\nAdmin:","timestamp":"2025-01-28 09:49:25"}
{"level":"\u001b[32minfo\u001b[39m","message":"- admin@chessinchunks.com: CIC-ADMIN-001","timestamp":"2025-01-28 09:49:25"}
{"level":"\u001b[32minfo\u001b[39m","message":"\nCoaches:","timestamp":"2025-01-28 09:49:25"}
{"level":"\u001b[32minfo\u001b[39m","message":"- head.coach@example.com: CIC-COACH-JM001 (HEAD_COACH)","timestamp":"2025-01-28 09:49:25"}
{"level":"\u001b[32minfo\u001b[39m","message":"- senior.coach@example.com: CIC-COACH-SE001 (SENIOR_COACH)","timestamp":"2025-01-28 09:49:25"}
{"level":"\u001b[32minfo\u001b[39m","message":"\nStudents:","timestamp":"2025-01-28 09:49:25"}
{"level":"\u001b[32minfo\u001b[39m","message":"- nive@example.com: CIC-STU-NC001 (ChessComId: nive_chitti)","timestamp":"2025-01-28 09:49:25"}
{"level":"\u001b[32minfo\u001b[39m","message":"- kitten@example.com: CIC-STU-KP001 (ChessComId: supercutekittenpuff)","timestamp":"2025-01-28 09:49:25"}
{"level":"\u001b[32minfo\u001b[39m","message":"- ranjhana@example.com: CIC-STU-RR001 (ChessComId: Ranjhannaa)","timestamp":"2025-01-28 09:49:25"}
{"level":"\u001b[32minfo\u001b[39m","message":"- rishaan@example.com: CIC-STU-RJ001 (ChessComId: Rishaan-RJ)","timestamp":"2025-01-28 09:49:25"}
{"level":"\u001b[32minfo\u001b[39m","message":"- sashwin@example.com: CIC-STU-SG001 (ChessComId: SashwinG)","timestamp":"2025-01-28 09:49:25"}
{"level":"\u001b[32minfo\u001b[39m","message":"\n=== End of Summary ===","timestamp":"2025-01-28 09:49:25"}
{"level":"\u001b[32minfo\u001b[39m","message":"\nSeeding completed successfully","timestamp":"2025-01-28 09:49:25"}
{"level":"\u001b[32minfo\u001b[39m","message":"All users created with password: password1","timestamp":"2025-01-28 09:49:25"}
{"level":"\u001b[32minfo\u001b[39m","message":"Prisma client disconnected","timestamp":"2025-01-28 09:49:25"}
{"level":"\u001b[32minfo\u001b[39m","message":"Ngrok tunnels started successfully!","timestamp":"2025-01-28 09:49:32"}
{"level":"\u001b[32minfo\u001b[39m","message":"Ngrok URL: https://14cc-2405-201-6820-78f9-4401-db7a-29c5-21b8.ngrok-free.app","timestamp":"2025-01-28 09:49:32"}
{"level":"info","message":"Database connection successful","timestamp":"2025-01-28 09:49:32"}
{"level":"info","message":"Server is running on port 5000","timestamp":"2025-01-28 09:49:32"}
{"level":"info","message":"Initial origins update completed","timestamp":"2025-01-28 09:49:32"}
{"level":"info","message":"OPTIONS /api/v1/user/profile/2de6daf4-a089-4fef-b766-385b9154adcc 200 1.811 ms - -","timestamp":"2025-01-28 09:49:37"}
{"level":"info","message":"GET /api/v1/user/profile/2de6daf4-a089-4fef-b766-385b9154adcc 401 21.459 ms - 46","timestamp":"2025-01-28 09:49:37"}
{"level":"info","message":"OPTIONS /api/v1/auth/login-with-password 200 0.289 ms - -","timestamp":"2025-01-28 09:50:01"}
{"level":"info","message":"POST /api/v1/auth/login-with-password 200 294.399 ms - 498","timestamp":"2025-01-28 09:50:01"}
{"level":"info","message":"OPTIONS /api/v1/notifications 200 0.682 ms - -","timestamp":"2025-01-28 09:50:01"}
{"level":"info","message":"OPTIONS /api/v1/dashboard 200 0.208 ms - -","timestamp":"2025-01-28 09:50:01"}
{"level":"info","message":"OPTIONS /api/v1/permission 200 0.269 ms - -","timestamp":"2025-01-28 09:50:01"}
{"level":"info","message":"GET /api/v1/notifications 304 24.705 ms - -","timestamp":"2025-01-28 09:50:01"}
{"level":"info","message":"GET /api/v1/permission 200 26.598 ms - 1122","timestamp":"2025-01-28 09:50:01"}
{"level":"info","message":"GET /api/v1/dashboard 200 57.279 ms - 115","timestamp":"2025-01-28 09:50:01"}
{"level":"info","message":"OPTIONS /api/v1/superadmin/all-academies?page=1&limit=10&query= 200 0.311 ms - -","timestamp":"2025-01-28 09:50:04"}
{"level":"info","message":"GET /api/v1/superadmin/all-academies?page=1&limit=10&query= 200 40.179 ms - 398","timestamp":"2025-01-28 09:50:04"}
{"level":"info","message":"OPTIONS /api/v1/permission 200 0.211 ms - -","timestamp":"2025-01-28 09:50:13"}
{"level":"info","message":"GET /api/v1/permission 304 19.334 ms - -","timestamp":"2025-01-28 09:50:13"}
{"level":"info","message":"OPTIONS /api/v1/notifications 200 0.282 ms - -","timestamp":"2025-01-28 09:50:13"}
{"level":"info","message":"OPTIONS /api/v1/dashboard 200 0.190 ms - -","timestamp":"2025-01-28 09:50:14"}
{"level":"info","message":"GET /api/v1/notifications 304 17.246 ms - -","timestamp":"2025-01-28 09:50:14"}
{"level":"info","message":"GET /api/v1/dashboard 304 32.064 ms - -","timestamp":"2025-01-28 09:50:14"}
{"level":"info","message":"OPTIONS /api/v1/auth/login-with-password 200 0.213 ms - -","timestamp":"2025-01-28 09:50:28"}
{"level":"info","message":"POST /api/v1/auth/login-with-password 200 226.829 ms - 897","timestamp":"2025-01-28 09:50:28"}
{"level":"info","message":"OPTIONS /api/v1/notifications 200 0.226 ms - -","timestamp":"2025-01-28 09:50:28"}
{"level":"info","message":"OPTIONS /api/v1/dashboard 200 0.217 ms - -","timestamp":"2025-01-28 09:50:28"}
{"level":"info","message":"OPTIONS /api/v1/permission 200 0.219 ms - -","timestamp":"2025-01-28 09:50:28"}
{"level":"info","message":"GET /api/v1/notifications 200 21.944 ms - 2","timestamp":"2025-01-28 09:50:29"}
{"level":"info","message":"GET /api/v1/dashboard 403 22.368 ms - 96","timestamp":"2025-01-28 09:50:29"}
{"level":"info","message":"GET /api/v1/permission 200 20.564 ms - 1953","timestamp":"2025-01-28 09:50:29"}
{"level":"info","message":"OPTIONS /api/v1/notifications 200 0.169 ms - -","timestamp":"2025-01-28 09:50:34"}
{"level":"info","message":"OPTIONS /api/v1/superadmin/all-academies?page=1&limit=10&query= 200 0.233 ms - -","timestamp":"2025-01-28 09:50:34"}
{"level":"info","message":"GET /api/v1/notifications 304 14.938 ms - -","timestamp":"2025-01-28 09:50:34"}
{"level":"info","message":"OPTIONS /api/v1/permission 200 0.268 ms - -","timestamp":"2025-01-28 09:50:34"}
{"level":"info","message":"GET /api/v1/superadmin/all-academies?page=1&limit=10&query= 304 35.436 ms - -","timestamp":"2025-01-28 09:50:34"}
{"level":"info","message":"GET /api/v1/permission 304 23.805 ms - -","timestamp":"2025-01-28 09:50:34"}
{"level":"info","message":"OPTIONS /api/v1/notifications 200 0.166 ms - -","timestamp":"2025-01-28 09:50:46"}
{"level":"info","message":"OPTIONS /api/v1/dashboard 200 0.248 ms - -","timestamp":"2025-01-28 09:50:46"}
{"level":"info","message":"OPTIONS /api/v1/permission 200 0.164 ms - -","timestamp":"2025-01-28 09:50:46"}
{"level":"info","message":"GET /api/v1/notifications 304 15.659 ms - -","timestamp":"2025-01-28 09:50:46"}
{"level":"info","message":"GET /api/v1/dashboard 403 16.331 ms - 96","timestamp":"2025-01-28 09:50:46"}
{"level":"info","message":"GET /api/v1/permission 304 19.189 ms - -","timestamp":"2025-01-28 09:50:46"}
{"level":"info","message":"OPTIONS /api/v1/auth/login-with-password 200 0.260 ms - -","timestamp":"2025-01-28 09:51:10"}
{"level":"info","message":"POST /api/v1/auth/login-with-password 200 221.859 ms - 887","timestamp":"2025-01-28 09:51:11"}
{"level":"info","message":"OPTIONS /api/v1/notifications 200 0.183 ms - -","timestamp":"2025-01-28 09:51:11"}
{"level":"info","message":"OPTIONS /api/v1/dashboard 200 0.217 ms - -","timestamp":"2025-01-28 09:51:11"}
{"level":"info","message":"OPTIONS /api/v1/permission 200 0.267 ms - -","timestamp":"2025-01-28 09:51:11"}
{"level":"info","message":"GET /api/v1/notifications 304 12.858 ms - -","timestamp":"2025-01-28 09:51:11"}
{"level":"info","message":"GET /api/v1/permission 200 18.435 ms - 3160","timestamp":"2025-01-28 09:51:11"}
{"level":"info","message":"GET /api/v1/dashboard 200 50.915 ms - 96","timestamp":"2025-01-28 09:51:11"}
{"level":"info","message":"GET /api/v1/notifications 304 14.927 ms - -","timestamp":"2025-01-28 09:51:13"}
{"level":"info","message":"GET /api/v1/permission 304 22.053 ms - -","timestamp":"2025-01-28 09:51:13"}
{"level":"info","message":"GET /api/v1/dashboard 304 47.322 ms - -","timestamp":"2025-01-28 09:51:13"}
{"level":"info","message":"OPTIONS /api/v1/coach-signup?page=1&limit=10&search= 200 0.171 ms - -","timestamp":"2025-01-28 09:51:16"}
{"level":"info","message":"GET /api/v1/coach-signup?page=1&limit=10&search= 200 29.017 ms - 65","timestamp":"2025-01-28 09:51:16"}
{"level":"info","message":"OPTIONS /api/v1/batch/options 200 0.271 ms - -","timestamp":"2025-01-28 09:51:17"}
{"level":"info","message":"GET /api/v1/batch/options 200 27.374 ms - 3531","timestamp":"2025-01-28 09:51:17"}
{"code":"ECONNREFUSED","level":"\u001b[31merror\u001b[39m","message":"Error starting ngrok tunnels: connect ECONNREFUSED 127.0.0.1:4040","name":"RequestError","stack":"RequestError: connect ECONNREFUSED 127.0.0.1:4040\n    at ClientRequest.<anonymous> (/home/whynotparit/Desktop/work/chessinchunks/backend/node_modules/got/dist/source/core/index.js:970:111)\n    at Object.onceWrapper (node:events:633:26)\n    at ClientRequest.emit (node:events:530:35)\n    at origin.emit (/home/whynotparit/Desktop/work/chessinchunks/backend/node_modules/@szmarczak/http-timer/dist/source/index.js:43:20)\n    at emitErrorEvent (node:_http_client:101:11)\n    at Socket.socketErrorListener (node:_http_client:504:5)\n    at Socket.emit (node:events:518:28)\n    at emitErrorNT (node:internal/streams/destroy:169:8)\n    at emitErrorCloseNT (node:internal/streams/destroy:128:3)\n    at process.processTicksAndRejections (node:internal/process/task_queues:82:21)\n    at TCPConnectWrap.afterConnect [as oncomplete] (node:net:1611:16)","timestamp":"2025-01-28 09:54:39","timings":{"error":1738038279031,"phases":{"total":3,"wait":1},"socket":1738038279029,"start":1738038279028}}
{"level":"info","message":"Database connection successful","timestamp":"2025-01-28 09:54:39"}
{"level":"info","message":"Server is running on port 5000","timestamp":"2025-01-28 09:54:39"}
{"level":"info","message":"Initial origins update completed","timestamp":"2025-01-28 09:54:39"}
{"level":"info","message":"OPTIONS /api/v1/coach-signup 200 2.003 ms - -","timestamp":"2025-01-28 09:55:25"}
{"level":"info","message":"POST /api/v1/coach-signup 201 4076.881 ms - 1001","timestamp":"2025-01-28 09:55:30"}
{"level":"info","message":"OPTIONS /api/v1/coach-signup/verify-otp 200 0.199 ms - -","timestamp":"2025-01-28 09:55:50"}
{"level":"info","message":"POST /api/v1/coach-signup/verify-otp 200 41.978 ms - 1008","timestamp":"2025-01-28 09:55:50"}
{"level":"info","message":"OPTIONS /api/v1/coach-signup/423e649e-a6e9-4fa9-8413-3db60ff64dd2 200 2.594 ms - -","timestamp":"2025-01-28 09:56:03"}
{"level":"info","message":"PUT /api/v1/coach-signup/423e649e-a6e9-4fa9-8413-3db60ff64dd2 200 34.324 ms - 1367","timestamp":"2025-01-28 09:56:03"}
{"level":"info","message":"PUT /api/v1/coach-signup/423e649e-a6e9-4fa9-8413-3db60ff64dd2 200 26.566 ms - 1367","timestamp":"2025-01-28 09:56:05"}
{"level":"info","message":"OPTIONS /api/v1/coach-signup/423e649e-a6e9-4fa9-8413-3db60ff64dd2/complete 200 0.193 ms - -","timestamp":"2025-01-28 09:56:18"}
{"clientVersion":"5.20.0","level":"error","name":"PrismaClientValidationError","timestamp":"2025-01-28 09:56:18"}
{"level":"info","message":"POST /api/v1/coach-signup/423e649e-a6e9-4fa9-8413-3db60ff64dd2/complete 500 31.259 ms - 2059","timestamp":"2025-01-28 09:56:18"}
{"level":"info","message":"Database connection successful","timestamp":"2025-01-28 09:58:27"}
{"level":"info","message":"Server is running on port 5000","timestamp":"2025-01-28 09:58:27"}
{"level":"info","message":"Initial origins update completed","timestamp":"2025-01-28 09:58:27"}
{"level":"info","message":"Database connection successful","timestamp":"2025-01-28 09:59:12"}
{"level":"info","message":"Server is running on port 5000","timestamp":"2025-01-28 09:59:12"}
{"level":"info","message":"Initial origins update completed","timestamp":"2025-01-28 09:59:12"}
{"level":"info","message":"Running expired signups check cron job","timestamp":"2025-01-28 10:00:00"}
{"level":"info","message":"Processed 0 expired signups","timestamp":"2025-01-28 10:00:00"}
{"level":"info","message":"Database connection successful","timestamp":"2025-01-28 10:01:04"}
{"level":"info","message":"Server is running on port 5000","timestamp":"2025-01-28 10:01:04"}
{"level":"info","message":"Initial origins update completed","timestamp":"2025-01-28 10:01:04"}
{"level":"info","message":"Database connection successful","timestamp":"2025-01-28 10:01:11"}
{"level":"info","message":"Server is running on port 5000","timestamp":"2025-01-28 10:01:11"}
{"level":"info","message":"Initial origins update completed","timestamp":"2025-01-28 10:01:11"}
{"level":"info","message":"OPTIONS /api/v1/coach-signup/423e649e-a6e9-4fa9-8413-3db60ff64dd2/complete 200 1.583 ms - -","timestamp":"2025-01-28 10:01:14"}
{"clientVersion":"5.20.0","level":"error","name":"PrismaClientValidationError","timestamp":"2025-01-28 10:01:15"}
{"level":"info","message":"POST /api/v1/coach-signup/423e649e-a6e9-4fa9-8413-3db60ff64dd2/complete 500 75.736 ms - 4676","timestamp":"2025-01-28 10:01:15"}
{"level":"info","message":"Database connection successful","timestamp":"2025-01-28 10:01:38"}
{"level":"info","message":"Server is running on port 5000","timestamp":"2025-01-28 10:01:38"}
{"level":"info","message":"Initial origins update completed","timestamp":"2025-01-28 10:01:38"}
{"level":"info","message":"Database connection successful","timestamp":"2025-01-28 10:01:43"}
{"level":"info","message":"Server is running on port 5000","timestamp":"2025-01-28 10:01:43"}
{"level":"info","message":"Initial origins update completed","timestamp":"2025-01-28 10:01:43"}
{"level":"info","message":"OPTIONS /api/v1/coach-signup/423e649e-a6e9-4fa9-8413-3db60ff64dd2/complete 200 1.949 ms - -","timestamp":"2025-01-28 10:01:48"}
{"clientVersion":"5.20.0","level":"error","name":"PrismaClientValidationError","timestamp":"2025-01-28 10:01:48"}
{"level":"info","message":"POST /api/v1/coach-signup/423e649e-a6e9-4fa9-8413-3db60ff64dd2/complete 500 73.930 ms - 2114","timestamp":"2025-01-28 10:01:48"}
{"level":"info","message":"Database connection successful","timestamp":"2025-01-28 10:05:16"}
{"level":"info","message":"Server is running on port 5000","timestamp":"2025-01-28 10:05:16"}
{"level":"info","message":"Initial origins update completed","timestamp":"2025-01-28 10:05:16"}
{"level":"info","message":"Database connection successful","timestamp":"2025-01-28 10:09:10"}
{"level":"info","message":"Server is running on port 5000","timestamp":"2025-01-28 10:09:10"}
{"level":"info","message":"Initial origins update completed","timestamp":"2025-01-28 10:09:10"}
{"level":"info","message":"Database connection successful","timestamp":"2025-01-28 10:09:23"}
{"level":"info","message":"Server is running on port 5000","timestamp":"2025-01-28 10:09:23"}
{"level":"info","message":"Initial origins update completed","timestamp":"2025-01-28 10:09:23"}
{"level":"info","message":"Database connection successful","timestamp":"2025-01-28 10:09:33"}
{"level":"info","message":"Server is running on port 5000","timestamp":"2025-01-28 10:09:33"}
{"level":"info","message":"Initial origins update completed","timestamp":"2025-01-28 10:09:33"}
{"level":"info","message":"OPTIONS /api/v1/coach-signup/423e649e-a6e9-4fa9-8413-3db60ff64dd2/complete 200 7.350 ms - -","timestamp":"2025-01-28 10:09:50"}
{"level":"error","timestamp":"2025-01-28 10:09:50"}
{"level":"info","message":"POST /api/v1/coach-signup/423e649e-a6e9-4fa9-8413-3db60ff64dd2/complete 500 140.611 ms - 391","timestamp":"2025-01-28 10:09:51"}
{"level":"info","message":"OPTIONS /api/v1/coach-signup/423e649e-a6e9-4fa9-8413-3db60ff64dd2/complete 200 0.687 ms - -","timestamp":"2025-01-28 10:09:57"}
{"level":"error","timestamp":"2025-01-28 10:09:57"}
{"level":"info","message":"POST /api/v1/coach-signup/423e649e-a6e9-4fa9-8413-3db60ff64dd2/complete 500 71.303 ms - 391","timestamp":"2025-01-28 10:09:57"}
{"level":"info","message":"Database connection successful","timestamp":"2025-01-28 10:10:12"}
{"level":"info","message":"Server is running on port 5000","timestamp":"2025-01-28 10:10:12"}
{"level":"info","message":"Initial origins update completed","timestamp":"2025-01-28 10:10:12"}
{"level":"info","message":"OPTIONS /api/v1/coach-signup/423e649e-a6e9-4fa9-8413-3db60ff64dd2/complete 200 7.341 ms - -","timestamp":"2025-01-28 10:10:40"}
{"level":"info","message":"POST /api/v1/coach-signup/423e649e-a6e9-4fa9-8413-3db60ff64dd2/complete 200 423.265 ms - 1030","timestamp":"2025-01-28 10:10:40"}
{"level":"info","message":"OPTIONS /api/v1/coach-signup?page=1&limit=10&search= 200 0.236 ms - -","timestamp":"2025-01-28 10:10:40"}
{"level":"info","message":"GET /api/v1/coach-signup?page=1&limit=10&search= 200 43.898 ms - 2504","timestamp":"2025-01-28 10:10:40"}
{"code":"ECONNREFUSED","level":"\u001b[31merror\u001b[39m","message":"Error starting ngrok tunnels: connect ECONNREFUSED 127.0.0.1:4040","name":"RequestError","stack":"RequestError: connect ECONNREFUSED 127.0.0.1:4040\n    at ClientRequest.<anonymous> (/home/whynotparit/Desktop/work/chessinchunks/backend/node_modules/got/dist/source/core/index.js:970:111)\n    at Object.onceWrapper (node:events:633:26)\n    at ClientRequest.emit (node:events:530:35)\n    at origin.emit (/home/whynotparit/Desktop/work/chessinchunks/backend/node_modules/@szmarczak/http-timer/dist/source/index.js:43:20)\n    at emitErrorEvent (node:_http_client:101:11)\n    at Socket.socketErrorListener (node:_http_client:504:5)\n    at Socket.emit (node:events:518:28)\n    at emitErrorNT (node:internal/streams/destroy:169:8)\n    at emitErrorCloseNT (node:internal/streams/destroy:128:3)\n    at process.processTicksAndRejections (node:internal/process/task_queues:82:21)\n    at TCPConnectWrap.afterConnect [as oncomplete] (node:net:1611:16)","timestamp":"2025-01-28 10:11:23","timings":{"error":1738039283761,"phases":{"total":6,"wait":0},"socket":1738039283755,"start":1738039283755}}
{"level":"info","message":"Database connection successful","timestamp":"2025-01-28 10:11:25"}
{"level":"info","message":"Server is running on port 5000","timestamp":"2025-01-28 10:11:25"}
{"level":"info","message":"Initial origins update completed","timestamp":"2025-01-28 10:11:25"}
{"level":"info","message":"OPTIONS /api/v1/auth/login-with-password 200 1.714 ms - -","timestamp":"2025-01-28 10:11:26"}
{"level":"info","message":"POST /api/v1/auth/login-with-password 200 365.327 ms - 904","timestamp":"2025-01-28 10:11:26"}
{"level":"info","message":"OPTIONS /api/v1/dashboard 200 0.240 ms - -","timestamp":"2025-01-28 10:11:26"}
{"level":"info","message":"GET /api/v1/dashboard 403 34.034 ms - 96","timestamp":"2025-01-28 10:11:26"}
{"level":"info","message":"Database connection successful","timestamp":"2025-01-28 10:11:44"}
{"level":"info","message":"Server is running on port 5000","timestamp":"2025-01-28 10:11:44"}
{"level":"info","message":"Initial origins update completed","timestamp":"2025-01-28 10:11:44"}
